C51 COMPILER V8.00   HDLG2416                                                              09/12/2025 12:59:54 PAGE 1   


C51 COMPILER V8.00, COMPILATION OF MODULE HDLG2416
OBJECT MODULE PLACED IN HDLG2416.obj
COMPILER INVOKED BY: C:\Keil\C51\BIN\C51.EXE src\hid\HDLG2416.c LARGE OMF2 ROM(D16M) OPTIMIZE(9,SPEED) BROWSE INTVECTOR(
                    -0X6020) INCDIR(.\src\cpu\;.\src\ethernet;.\src\swdma\;.\src\mstimer\;.\src\uart\;.\src\main\;.\src\tcpip\;.\src\hsur\;.\
                    -src\gs2e\;.\src\debug\;.\src\dhcp;.\src\dns\;.\src\adapter\;.\src\pppoe\;.\src\console;.\src\telnet;.\src\smtp;.\src\htt
                    -p;.\src\web_page;.\src\si2c;.\src\eeprom;.\src\ping;.\src\fpga;.\src\menu;.\src\hid;.\src\flash) DEFINE(RuntimeCodeAt24K
                    -H) VARBANKING DEBUG CODE LISTINCLUDE SYMBOLS PRINT(.\tmp\HDLG2416.lst) PREPRINT(.\tmp\HDLG2416.i) OBJECT(HDLG2416.obj)

line level    source

   1          //========================================================================================//
   2          //     Copyright (c) 2018     Simtek, Incorporated      All rights reserved.              //
   3          //                                                                                        //
   4          //     This is unpublished proprietary source code of Simtek, Inc                         //
   5          //                                                                                        //
   6          //     The copyright notice above does not evidence any actual or intended                //
   7          //     publication of such source code.                                                   //
   8          //========================================================================================//
   9          
  10          //----------------------------------------------------------------------------------------//
  11          //          include file declarations                                                     //
  12          //----------------------------------------------------------------------------------------//
  13          #include "HDLG2416.h"                                                                     //
   1      =1  //========================================================================================//
   2      =1  //     Copyright (c) 2018     Simtek, Incorporated      All rights reserved.              //
   3      =1  //                                                                                        //
   4      =1  //     This is unpublished proprietary source code of Simtek, Inc                         //
   5      =1  //                                                                                        //
   6      =1  //     The copyright notice above does not evidence any actual or intended                //
   7      =1  //     publication of such source code.                                                   //
   8      =1  //========================================================================================//
   9      =1  
  10      =1  #ifndef __HDLG2416_H__
  11      =1  #define __HDLG2416_H__
  12      =1  
  13      =1  //----------------------------------------------------------------------------------------//
  14      =1  //          include file declarations                                                     //
  15      =1  //----------------------------------------------------------------------------------------//
  16      =1  #include "types.h"
   1      =2  //----------------------------------------------------------------------------------------
   2      =2  //     Copyright (c) 2005       Simtek, Incorporated      All rights reserved.
   3      =2  //
   4      =2  //     This is unpublished proprietary source code of Simtek, Inc
   5      =2  //
   6      =2  //     The copyright notice above does not evidence any actual or intended
   7      =2  //     publication of such source code.
   8      =2  //----------------------------------------------------------------------------------------
   9      =2  // Module Name : types.h
  10      =2  // Purpose     : Definition of type.
  11      =2  // Author      : Robin Lee
  12      =2  // Date        : 2005-12-28
  13      =2  // Notes       : None.
  14      =2  // $Log: types.h,v $
  15      =2  //----------------------------------------------------------------------------------------
  16      =2  // Revision 1.2  2006/05/18 05:02:30  Louis
  17      =2  // no message
  18      =2  //----------------------------------------------------------------------------------------
  19      =2  // Revision 1.1  2006/04/07 11:36:17  robin6633
  20      =2  // no message
  21      =2  //----------------------------------------------------------------------------------------
  22      =2  
C51 COMPILER V8.00   HDLG2416                                                              09/12/2025 12:59:54 PAGE 2   

  23      =2  #ifndef TYPES_H
  24      =2  #define TYPES_H
  25      =2  
  26      =2  typedef unsigned short int          bool;                                                 // boolean
  27      =2  typedef unsigned char               byte;                                                 //  8-bit unsign
             -ed
  28      =2  typedef unsigned short int          uint;                                                 // 16-bit unsign
             -ed
  29      =2  typedef short int                   sint;                                                 // 16-bit signed
  30      =2  typedef unsigned long               ulong;                                                // 32-bit unsign
             -ed
  31      =2  typedef unsigned short int          word;                                                 // 16-bit unsign
             -ed
  32      =2  
  33      =2  #ifndef NULL
  34      =2    #define NULL ((void *) 0L)
  35      =2  #endif
  36      =2  
  37      =2  #define TRUE                  1
  38      =2  #define FALSE                 0
  39      =2  #define ON                    1
  40      =2  #define OFF                   0
  41      =2  #define Client                1
  42      =2  #define Server                0
  43      =2  
  44      =2  // Bit Definitions for Bitwise Operation //
  45      =2  #define BIT0            0x01
  46      =2  #define BIT1            0x02
  47      =2  #define BIT2            0x04
  48      =2  #define BIT3            0x08
  49      =2  #define BIT4            0x10
  50      =2  #define BIT5            0x20
  51      =2  #define BIT6            0x40
  52      =2  #define BIT7            0x80
  53      =2  #define BIT8            0x0100
  54      =2  #define BIT9            0x0200
  55      =2  #define BIT10           0x0400
  56      =2  #define BIT11           0x0800
  57      =2  #define BIT12           0x1000
  58      =2  #define BIT13           0x2000
  59      =2  #define BIT14           0x4000
  60      =2  #define BIT15           0x8000
  61      =2  #define BIT16           0x00010000
  62      =2  #define BIT17           0x00020000
  63      =2  #define BIT18           0x00040000
  64      =2  #define BIT19           0x00080000
  65      =2  #define BIT20           0x00100000
  66      =2  #define BIT21           0x00200000
  67      =2  #define BIT22           0x00400000
  68      =2  #define BIT23           0x00800000
  69      =2  #define BIT24           0x01000000
  70      =2  #define BIT25           0x02000000
  71      =2  #define BIT26           0x04000000
  72      =2  #define BIT27           0x08000000
  73      =2  #define BIT28           0x10000000
  74      =2  #define BIT29           0x20000000
  75      =2  #define BIT30           0x40000000
  76      =2  #define BIT31           0x80000000
  77      =2  
  78      =2  #define LOW_BYTE(dat)   (byte) (dat & 0x00FF)
  79      =2  #define HIGH_BYTE(dat)  (byte)((dat & 0xFF00) >> 8)
  80      =2  
C51 COMPILER V8.00   HDLG2416                                                              09/12/2025 12:59:54 PAGE 3   

  81      =2  #define U32BYTE0(dat)   (byte) (dat  & 0x000000FF)
  82      =2  #define U32BYTE1(dat)   (byte)((dat  & 0x0000FF00) >> 8)
  83      =2  #define U32BYTE2(dat)   (byte)((dat  & 0x00FF0000) >> 16)
  84      =2  #define U32BYTE3(dat)   (byte)((dat  & 0xFF000000) >> 24)
  85      =2   
  86      =2  // Keil compiler user define //
  87      =2  #define     KEIL_CPL
  88      =2  
  89      =2  #ifdef KEIL_CPL
  90      =2   #define XDATA    xdata
  91      =2   #define IDATA    idata
  92      =2   #define BDATA    bdata
  93      =2   #define CODE     code
  94      =2   #define FAR      far
  95      =2  #else
           =2  #define XDATA
           =2  #define IDATA
           =2  #define BDATA
           =2  #define CODE
           =2  #define FAR
           =2 #endif
 102      =2  
 103      =2  // Serial interface command direction //
 104      =2  #define     SI_WR                   BIT0
 105      =2  #define     SI_RD                   BIT1
 106      =2  
 107      =2  #define     FLASH_WR_ENB            (PCON |= PWE_)
 108      =2  #define     FLASH_WR_DISB           (PCON &= ~PWE_)
 109      =2  
 110      =2  #endif  // end of TYPES_H //
  17      =1  
  18      =1  #endif // End of __HDLG2416_H__ //
  19      =1  
  20      =1  #define aDisp1                0x04                          //
  21      =1  #define aDisp2                0x08                          //
  22      =1  #define aDisp3                0x10                          //
  23      =1  #define aDisp4                0x20                          //
  24      =1  #define aDisp5                0x40                          //
  25      =1  #define aDisp6                0x80                          //
  26      =1  
  27      =1  #define aChr1                 0x00                          //
  28      =1  #define aChr2                 0x01                          //
  29      =1  #define aChr3                 0x02                          //
  30      =1  #define aChr4                 0x03                          //
  31      =1  
  32      =1    sfr  DispData         = 0xB0;// P3   = 0xB0
  33      =1    sbit DispD0           = 0xB1;// P3_1 = 0xB1
  34      =1    sbit DispD1           = 0xB2;// P3_2 = 0xB2
  35      =1    sbit DispD2           = 0xB3;// P3_3 = 0xB3
  36      =1    sbit DispD3           = 0xB4;// P3_4 = 0xB4
  37      =1    sbit DispD4           = 0xB5;// P3_5 = 0xB5
  38      =1    sbit DispD5           = 0xB6;// P3_6 = 0xB6
  39      =1    sbit DispD6           = 0xB7;// P3_7 = 0xB7
  40      =1  
  41      =1    sbit DispA0           = 0x96;// P1_6 = 0x96
  42      =1    sbit DispA1           = 0x97;// P1_7 = 0x97
  43      =1    sbit DispCue          = 0x94;// P1_4 = 0x94
  44      =1    sbit DispClr          = 0x95;// P1_5 = 0x95
  45      =1    sbit DispWr           = 0x92;// P1_2 = 0x92
  46      =1    sbit DispCu           = 0x93;// P1_3 = 0x93
  47      =1  
  48      =1    sbit DispCe1          = 0x84;// P0_7 = 0x87
C51 COMPILER V8.00   HDLG2416                                                              09/12/2025 12:59:54 PAGE 4   

  49      =1    sbit DispCe2          = 0x85;// P0_6 = 0x86
  50      =1    sbit DispCe3          = 0x86;// P0_5 = 0x85
  51      =1    sbit DispCe4          = 0xB0;// P3_0 = 0xB0
  52      =1    sbit DispCe5          = 0x90;// P1_0 = 0x90
  53      =1    sbit DispCe6          = 0x87;// P0_4 = 0x84
  54      =1  
  55      =1  void HDLG2416ConfLoad(byte dispaddr, byte chradr, byte dat);
  56      =1  void HDLG2416DispLoad(byte dispaddr, chradr, dat, test);
  57      =1  void HDLG2416Clear(void);
  58      =1  void HDLG2416Default(void);
  14          #include "CIRCUIT.H"
   1      =1  //========================================================================================//
   2      =1  //     Copyright (c) 2013     Simtek, Incorporated      All rights reserved.              //
   3      =1  //                                                                                        //
   4      =1  //     This is unpublished proprietary source code of Simtek, Inc                         //
   5      =1  //                                                                                        //
   6      =1  //     The copyright notice above does not evidence any actual or intended                //
   7      =1  //     publication of such source code.                                                   //
   8      =1  //========================================================================================//
   9      =1  //========================================================================================//
  10      =1  //========================================================================================//
  11      =1  // Module Name     : CIRCUIT.H                                                            //
  12      =1  // Purpose         : Definition of Hardware Specific Routines                             //
  13      =1  // Author          : C. Mason                                                             //
  14      =1  // Date            : August  2, 2017                                                      //
  15      =1  // Notes           :                                                                      //
  16      =1  //========================================================================================//
  17      =1  #include "types.h"
   1      =2  //----------------------------------------------------------------------------------------
   2      =2  //     Copyright (c) 2005       Simtek, Incorporated      All rights reserved.
   3      =2  //
   4      =2  //     This is unpublished proprietary source code of Simtek, Inc
   5      =2  //
   6      =2  //     The copyright notice above does not evidence any actual or intended
   7      =2  //     publication of such source code.
   8      =2  //----------------------------------------------------------------------------------------
   9      =2  // Module Name : types.h
  10      =2  // Purpose     : Definition of type.
  11      =2  // Author      : Robin Lee
  12      =2  // Date        : 2005-12-28
  13      =2  // Notes       : None.
  14      =2  // $Log: types.h,v $
  15      =2  //----------------------------------------------------------------------------------------
  16      =2  // Revision 1.2  2006/05/18 05:02:30  Louis
  17      =2  // no message
  18      =2  //----------------------------------------------------------------------------------------
  19      =2  // Revision 1.1  2006/04/07 11:36:17  robin6633
  20      =2  // no message
  21      =2  //----------------------------------------------------------------------------------------
  22      =2  
  23      =2  #ifndef TYPES_H
           =2 #define TYPES_H
           =2 
           =2 typedef unsigned short int          bool;                                                 // boolean
           =2 typedef unsigned char               byte;                                                 //  8-bit unsign
             -ed
           =2 typedef unsigned short int          uint;                                                 // 16-bit unsign
             -ed
           =2 typedef short int                   sint;                                                 // 16-bit signed
           =2 typedef unsigned long               ulong;                                                // 32-bit unsign
             -ed
           =2 typedef unsigned short int          word;                                                 // 16-bit unsign
C51 COMPILER V8.00   HDLG2416                                                              09/12/2025 12:59:54 PAGE 5   

             -ed
           =2 
           =2 #ifndef NULL
           =2   #define NULL ((void *) 0L)
           =2 #endif
           =2 
           =2 #define TRUE                  1
           =2 #define FALSE                 0
           =2 #define ON                    1
           =2 #define OFF                   0
           =2 #define Client                1
           =2 #define Server                0
           =2 
           =2 // Bit Definitions for Bitwise Operation //
           =2 #define BIT0            0x01
           =2 #define BIT1            0x02
           =2 #define BIT2            0x04
           =2 #define BIT3            0x08
           =2 #define BIT4            0x10
           =2 #define BIT5            0x20
           =2 #define BIT6            0x40
           =2 #define BIT7            0x80
           =2 #define BIT8            0x0100
           =2 #define BIT9            0x0200
           =2 #define BIT10           0x0400
           =2 #define BIT11           0x0800
           =2 #define BIT12           0x1000
           =2 #define BIT13           0x2000
           =2 #define BIT14           0x4000
           =2 #define BIT15           0x8000
           =2 #define BIT16           0x00010000
           =2 #define BIT17           0x00020000
           =2 #define BIT18           0x00040000
           =2 #define BIT19           0x00080000
           =2 #define BIT20           0x00100000
           =2 #define BIT21           0x00200000
           =2 #define BIT22           0x00400000
           =2 #define BIT23           0x00800000
           =2 #define BIT24           0x01000000
           =2 #define BIT25           0x02000000
           =2 #define BIT26           0x04000000
           =2 #define BIT27           0x08000000
           =2 #define BIT28           0x10000000
           =2 #define BIT29           0x20000000
           =2 #define BIT30           0x40000000
           =2 #define BIT31           0x80000000
           =2 
           =2 #define LOW_BYTE(dat)   (byte) (dat & 0x00FF)
           =2 #define HIGH_BYTE(dat)  (byte)((dat & 0xFF00) >> 8)
           =2 
           =2 #define U32BYTE0(dat)   (byte) (dat  & 0x000000FF)
           =2 #define U32BYTE1(dat)   (byte)((dat  & 0x0000FF00) >> 8)
           =2 #define U32BYTE2(dat)   (byte)((dat  & 0x00FF0000) >> 16)
           =2 #define U32BYTE3(dat)   (byte)((dat  & 0xFF000000) >> 24)
           =2  
           =2 // Keil compiler user define //
           =2 #define     KEIL_CPL
           =2 
           =2 #ifdef KEIL_CPL
           =2  #define XDATA    xdata
           =2  #define IDATA    idata
           =2  #define BDATA    bdata
C51 COMPILER V8.00   HDLG2416                                                              09/12/2025 12:59:54 PAGE 6   

           =2  #define CODE     code
           =2  #define FAR      far
           =2 #else
           =2  #define XDATA
           =2  #define IDATA
           =2  #define BDATA
           =2  #define CODE
           =2  #define FAR
           =2 #endif
           =2 
           =2 // Serial interface command direction //
           =2 #define     SI_WR                   BIT0
           =2 #define     SI_RD                   BIT1
           =2 
           =2 #define     FLASH_WR_ENB            (PCON |= PWE_)
           =2 #define     FLASH_WR_DISB           (PCON &= ~PWE_)
           =2 
           =2 #endif  // end of TYPES_H //
  18      =1  //========================================================================================//
  19      =1  // Simtek Revision : -                                                                    //
  20      =1  //========================================================================================//
  21      =1  #ifndef CIRCUIT_H
  22      =1  #define CIRCUIT_H 1
  23      =1  
  24      =1  //----------------------------------------------------------------------------------------//
  25      =1  // GLOBAL PROTOTYPES //
  26      =1  //----------------------------------------------------------------------------------------//
  27      =1  
  28      =1  //----------------------------------------------------------------------------------------//
  29      =1  //----------------------------------------------------------------------------------------//
  30      =1  #define tmpvar1               0x35                                                        //
  31      =1  extern  byte IDATA AssyVarPass1 _at_ tmpvar1;                                             // setup an asse
             -mbly and C passable variable
  32      =1  //----------------------------------------------------------------------------------------//
  33      =1  //                HARDWARE SPECIFIC DEFINITIONS                                           //
  34      =1  //----------------------------------------------------------------------------------------//
  35      =1  //~~~~~~~~~~~~~~~~~~~~~~~~~~~~~~~~~~~~~~~~~~~~~~~~~~~~~~~~~~~~~~~~~~~~~~~~~~~~~~~~~~~~~~~~//
  36      =1  //          port 0                                                                        //
  37      =1  //~~~~~~~~~~~~~~~~~~~~~~~~~~~~~~~~~~~~~~~~~~~~~~~~~~~~~~~~~~~~~~~~~~~~~~~~~~~~~~~~~~~~~~~~//
  38      =1  //  sbit P0_0                   = 0x80;                                                   //
  39      =1  //  sbit P0_1                   = 0x81;                                                   //
  40      =1  //  sbit P0_2                   = 0x82;                                                   //
  41      =1  //  sbit P0_3                   = 0x83;                                                   //
  42      =1  //  sbit P0_4                   = 0x84;                                                   //
  43      =1  //  sbit P0_5                   = 0x85;                                                   //
  44      =1    sbit ScopePin               = 0x85;                                                     //
  45      =1  //  sbit P0_6                   = 0x86;                                                   //
  46      =1  //  sbit P0_7                   = 0x87;                                                   //
  47      =1    sbit HrtBeat                = 0x87;                                                     //
  48      =1  //~~~~~~~~~~~~~~~~~~~~~~~~~~~~~~~~~~~~~~~~~~~~~~~~~~~~~~~~~~~~~~~~~~~~~~~~~~~~~~~~~~~~~~~~//
  49      =1  //          port 1                                                                        //
  50      =1  //~~~~~~~~~~~~~~~~~~~~~~~~~~~~~~~~~~~~~~~~~~~~~~~~~~~~~~~~~~~~~~~~~~~~~~~~~~~~~~~~~~~~~~~~//
  51      =1  //  sbit P1_0                   = 0x80;                                                   //
  52      =1  //  sbit P1_1                   = 0x81;                                                   //
  53      =1  //  sbit P1_2                   = 0x82;                                                   //
  54      =1  //  sbit P1_3                   = 0x83;                                                   //
  55      =1  //  sbit P1_4                   = 0x84;                                                   //
  56      =1  //  sbit P1_5                   = 0x85;                                                   //
  57      =1  //  sbit P1_6                   = 0x86;                                                   //
  58      =1  //  sbit P1_7                   = 0x87;                                                   //
  59      =1  //~~~~~~~~~~~~~~~~~~~~~~~~~~~~~~~~~~~~~~~~~~~~~~~~~~~~~~~~~~~~~~~~~~~~~~~~~~~~~~~~~~~~~~~~//
  60      =1  //          port 2                                                                        //
C51 COMPILER V8.00   HDLG2416                                                              09/12/2025 12:59:54 PAGE 7   

  61      =1  //~~~~~~~~~~~~~~~~~~~~~~~~~~~~~~~~~~~~~~~~~~~~~~~~~~~~~~~~~~~~~~~~~~~~~~~~~~~~~~~~~~~~~~~~//
  62      =1  //  sbit P2_0                   = 0xA0;                                                   //
  63      =1    sbit fpgaserialclock        = 0xA0;                                                     //
  64      =1  //  sbit P2_1                   = 0xA1;                                                   //
  65      =1    sbit fpgadataout            = 0xA1;                                                     //
  66      =1  //  sbit P2_2                   = 0xA2;                                                   //
  67      =1    sbit fpgaserialload         = 0xA2;                                                     //
  68      =1  //  sbit P2_3                   = 0xA3;                                                   //
  69      =1    sbit fpgadatain             = 0xA3;                                                     //
  70      =1  //  sbit P2_4                   = 0xA4;                                                   //
  71      =1    sbit fpgaserialale          = 0xA4;                                                     //
  72      =1  //  sbit P2_5                   = 0xA5;                                                   //
  73      =1    sbit LogicRst               = 0xA5;                                                     //
  74      =1  //  sbit P2_6                   = 0xA6;                                                   //
  75      =1  //  sbit P2_7                   = 0xA7;                                                   //
  76      =1  
  77      =1  //  sbit fpgaserialale          = 0xA4;                                                     //
  78      =1  //  sbit fpgaserialclock        = 0xA0;                                                     //
  79      =1  //  sbit fpgadatain             = 0xA3;                                                     //
  80      =1  //  sbit fpgadataout            = 0xA1;                                                     //
  81      =1  //  sbit fpgaserialload         = 0xA2;                                                     //
  82      =1  //  sbit LogicRst               = 0xA5;                                                     //
  83      =1  //~~~~~~~~~~~~~~~~~~~~~~~~~~~~~~~~~~~~~~~~~~~~~~~~~~~~~~~~~~~~~~~~~~~~~~~~~~~~~~~~~~~~~~~~//
  84      =1  //          port 3                                                                        //
  85      =1  //~~~~~~~~~~~~~~~~~~~~~~~~~~~~~~~~~~~~~~~~~~~~~~~~~~~~~~~~~~~~~~~~~~~~~~~~~~~~~~~~~~~~~~~~//
  86      =1  //  sbit P3_0                   = 0xB0;                                                   //
  87      =1  //  sbit        Clk5841         = 0xB0;
  88      =1  //  sbit P3_1                   = 0xB1;                                                   //
  89      =1    sbit        HI8045T1         = 0xB1;
  90      =1  //  sbit P3_2                   = 0xB2;                                                   //
  91      =1    sbit        HI8045T2        = 0xB2;
  92      =1  //  sbit P3_3                   = 0xB3;                                                   //
  93      =1    sbit        HI8045CLK       = 0xB3;                                                     //
  94      =1  //  sbit P3_4                   = 0xB4;                                                   //
  95      =1    sbit        HI8045DIN       = 0xB4;                                                     //
  96      =1  //  sbit P3_5                   = 0xB5;                                                   //
  97      =1    sbit        HI8045LOAD      = 0xB5;                                                     //
  98      =1  //  sbit P3_6                   = 0xB6;                                                   //
  99      =1    sbit        HI8045CS        = 0xB6;                                                     //
 100      =1  //  sbit P3_7                   = 0xB7;                                                   //
 101      =1  //~~~~~~~~~~~~~~~~~~~~~~~~~~~~~~~~~~~~~~~~~~~~~~~~~~~~~~~~~~~~~~~~~~~~~~~~~~~~~~~~~~~~~~~~//
 102      =1  
 103      =1  
 104      =1  // port 0
 105      =1  //  sbit P0_0           = 0x80;
 106      =1  //  sbit P0_1           = 0x81;
 107      =1  //  sbit P0_5           = 0x85;
 108      =1  //  sbit DispSel                = 0x85;
 109      =1  //  sbit P0_6           = 0x86;
 110      =1  
 111      =1  // port 2
 112      =1  //  sbit P2_0           = 0xA0;
 113      =1  //  sbit DispDin4               = 0xA0;
 114      =1  //  sbit P2_1           = 0xA1;
 115      =1  //  sbit DispDin3               = 0xA1;
 116      =1  //  sbit P2_2           = 0xA2;
 117      =1  //  sbit DispDin2               = 0xA2;
 118      =1  //  sbit P2_3           = 0xA3;
 119      =1  //  sbit P2_4           = 0xA4;
 120      =1  //  sbit P2_5           = 0xA5;
 121      =1  //  sbit P2_6           = 0xA6;
 122      =1  //  sbit DispCe4                = 0xA6;
C51 COMPILER V8.00   HDLG2416                                                              09/12/2025 12:59:54 PAGE 8   

 123      =1  //  sbit P2_7           = 0xA7;
 124      =1  
 125      =1  
 126      =1  #endif      // end of CIRCUIT_H //
  15          #include "printd.h"                                                                       //
   1      =1  //--------------------------------------------------------------------------------
   2      =1  //     Copyright (c) 2005   ASIX Electronic Corporation      All rights reserved.
   3      =1  //
   4      =1  //     This is unpublished proprietary source code of ASIX Electronic Corporation
   5      =1  //
   6      =1  //     The copyright notice above does not evidence any actual or intended
   7      =1  //     publication of such source code.
   8      =1  //--------------------------------------------------------------------------------
   9      =1  //================================================================================
  10      =1  // File Name : printd.h
  11      =1  // Purpose   :
  12      =1  // Author    :
  13      =1  // Date      :
  14      =1  // Notes     :
  15      =1  //    printd("justif: \"%-10s\"\n", "left");    =>    justif: "left      "
  16      =1  //    printd("justif: \"%10s\"\n", "right");    =>    justif: "     right"
  17      =1  //    printd(" 3: %04d zero padded\n",   3);     =>     3: 0003 zero padded
  18      =1  //    printd(" 3: %-4d left justif.\n",  3);    =>     3: 3    left justif.
  19      =1  //    printd(" 3: %4d right justif.\n",  3);    =>     3:    3 right justif.
  20      =1  //    printd("-3: %04d zero padded\n",  -3);    =>    -3: -003 zero padded
  21      =1  //    printd("-3: %-4d left justif.\n", -3);    =>    -3: -3   left justif.
  22      =1  //    printd("-3: %4d right justif.\n", -3);    =>    -3:   -3 right justif.
  23      =1  //================================================================================
  24      =1  //
  25      =1  #ifndef PRINTD_H
  26      =1  #define PRINTD_H
  27      =1  
  28      =1  // INCLUDE FILE DECLARATIONS //
  29      =1  
  30      =1  // NAMING CONSTANT DECLARATIONS //
  31      =1  #define UART0                             0
  32      =1  #define UART1                             1
  33      =1  #define DEBUG_PORT                      (UART1)
  34      =1  #define PAD_RIGHT                               1
  35      =1  #define PAD_ZERO                                2
  36      =1  #define PRINT_BUF_LEN                     18
  37      =1  
  38      =1  #define DRIVER_MSG                              0x0001
  39      =1  #define INIT_MSG                                0x0002
  40      =1  #define TX_MSG                                  0x0004
  41      =1  #define RX_MSG                                  0x0008
  42      =1  #define INT_MSG                                 0x0010
  43      =1  #define ERROR_MSG                               0x0020
  44      =1  #define WARNING_MSG                             0x0040
  45      =1  #define DEBUG_MSG                               0x0080
  46      =1  #define TCP_MSG                                 0x0100
  47      =1  #define ALL_MSG                                 0x01FF
  48      =1  #define NO_MSG                                  0x0000
  49      =1  #define DEFAULT_MSG                             (ALL_MSG) 
  50      =1  #define DEBUG_FLAGS                             DEFAULT_MSG
  51      =1  #define DEBUG_DISPLAY_DIAG              1
  52      =1  
  53      =1  // MACRO DECLARATIONS //
  54      =1  #if   ( DEBUG_PORT == UART0 )
           =1 #define     DEBUG_PORT_PUTCHR(x)    uart0_PutChar(x)
           =1 #else
  57      =1  #define DEBUG_PORT_PUTCHR(x)    uart1_PutChar(x)
C51 COMPILER V8.00   HDLG2416                                                              09/12/2025 12:59:54 PAGE 9   

  58      =1  #endif
  59      =1  
  60      =1  #if DEBUG_DISPLAY_DIAG
  61      =1  #define PRINTD(flag,x)                  if(flag & DEBUG_FLAGS) {printd x;}
  62      =1  #else
           =1 #define PRINTD(flag,x)
           =1 #endif
  65      =1  
  66      =1  // GLOBAL VARIABLES //
  67      =1  extern byte DEBUG_MsgEnable;
  68      =1  
  69      =1  // EXPORTED SUBPROGRAM SPECIFICATIONS //
  70      =1  int printd(const char *format, ...);
  71      =1  
  72      =1  #endif // End of PRINTD_H //
  73      =1  
  16          
  17                byte  bdata HByte0   _at_ 0x21;                                                     //
  18              sbit          bitz00      = HByte0^0;                                                 //
  19              sbit          bitz01      = HByte0^1;                                                 //
  20              sbit          bitz02      = HByte0^2;                                                 //
  21              sbit          bitz03      = HByte0^3;                                                 //
  22              sbit          bitz04      = HByte0^4;                                                 //
  23              sbit          bitz05      = HByte0^5;                                                 //
  24              sbit          bitz06      = HByte0^6;                                                 //
  25              sbit          bitz07      = HByte0^7;                                                 //
  26          //----------------------------------------------------------------------------------------//
  27          //                LOCAL PROTOTYPES                                                        //
  28          //----------------------------------------------------------------------------------------//
  29          void HDLG2416ByteLoad(void);
  30          
  31          //----------------------------------------------------------------------------------------//
  32          //                LOCAL SUBROUTINE DEFINITIONS                                            //
  33          //----------------------------------------------------------------------------------------//
  34          
  35          // ----------------------------------------------------------------------------
  36          // name    : HDLG2416ConfLoad(byte dispaddr, byte chradr, byte dat)
  37          // purpose : write the data to the displays
  38          // params  : Address of the display to access, data to be written
  39          // returns : void
  40          // notes   : 
  41          // ----------------------------------------------------------------------------
  42          void HDLG2416ConfLoad(byte dispaddr, byte chradr, byte dat)
  43          {
  44   1      //  byte  tmp;
  45   1      
  46   1            DispClr = 1;                                                                        // disable displ
             -ay clear line
  47   1            DispCu  = 0;                                                                        // select the AS
             -CII ram, not attribute ram
  48   1      
  49   1            DispCue = 1;                                                                        // put the displ
             -ay in ASCII mode
  50   1            if((chradr   & 0x01  ) == 0x01  ) DispA0  = 0; else DispA0  = 1;                    // 
  51   1            if((chradr   & 0x02  ) == 0x02  ) DispA1  = 0; else DispA1  = 1;                    // 
  52   1            HByte0 = dat;                                                                       // get data
  53   1            bitz07 = bitz04;                                                                    // rearrage data
             - to match board layout
  54   1            bitz04 = bitz06;                                                                    // 
  55   1            bitz06 = bitz07;                                                                    // 
  56   1            DispData = ((HByte0 << 1) | 0x01);                                                  // write the dis
             -play data to the display data port
C51 COMPILER V8.00   HDLG2416                                                              09/12/2025 12:59:54 PAGE 10  

  57   1            if((dispaddr & aDisp1) == aDisp1) DispCe1 = 0; else DispCe1 = 1;                    // 
  58   1            if((dispaddr & aDisp2) == aDisp2) DispCe2 = 0; else DispCe2 = 1;                    // 
  59   1            if((dispaddr & aDisp3) == aDisp3) DispCe3 = 0; else DispCe3 = 1;                    // 
  60   1            if((dispaddr & aDisp4) == aDisp4) DispCe4 = 0; else DispCe4 = 1;                    // 
  61   1            if((dispaddr & aDisp5) == aDisp5) DispCe5 = 0; else DispCe5 = 1;                    // 
  62   1            if((dispaddr & aDisp6) == aDisp6) DispCe6 = 0; else DispCe6 = 1;                    // 
  63   1            extHardwareDelay();                                                                 // wait 1uS for 
             -the pin state to change
*** WARNING C206 IN LINE 63 OF SRC\HID\HDLG2416.C: 'extHardwareDelay': missing function-prototype
  64   1      
  65   1            HDLG2416ByteLoad();                                                                 // toggle displa
             -y WR line
  66   1      
  67   1            DispCe1 = 1;                                                                        // make sure the
             - display control is disabled
  68   1            DispCe2 = 1;                                                                        // make sure the
             - display control is disabled
  69   1            DispCe3 = 1;                                                                        // make sure the
             - display control is disabled
  70   1            DispCe4 = 1;                                                                        // make sure the
             - display control is disabled
  71   1            DispCe5 = 1;                                                                        // make sure the
             - display control is disabled
  72   1            DispCe6 = 1;                                                                        // make sure the
             - display control is disabled
  73   1      
  74   1            DispCu  = 1;                                                                        // select the di
             -splay RAM
  75   1            DispClr = 1;                                                                        // make sure not
             - to clear the display ram
  76   1            
  77   1      }
  78          
  79          // ----------------------------------------------------------------------------
  80          // name    : void HDLG2416DispLoad(byte dispaddr, chradr, dat, test)
  81          // purpose : write the data to the displays
  82          // params  : Address of the display to access, register select state
  83          //           Address of the character to access, data to be written
  84          // returns : void
  85          // notes   : 
  86          //-----------------------------------------------------------------------------
  87          //           aDispAddr.7 = CE6 display 6
  88          //           aDispAddr.6 = CE5 display 5
  89          //           aDispAddr.5 = CE4 display 4
  90          //           aDispAddr.4 = CE3 display 3
  91          //           aDispAddr.3 = CE2 display 2
  92          //           aDispAddr.2 = CE1 display 1
  93          //           aDispAddr.1 = A1
  94          //           aDispAddr.0 = A0
  95          //-----------------------------------------------------------------------------
  96          //           aDispCtrl.2 = Display CU (1 = display ram, 0 = attribute ram)
  97          //           aDispCtrl.1 = Display Wr
  98          //           aDispCtrl.0 = Display Reset
  99          // ----------------------------------------------------------------------------
 100          void HDLG2416DispLoad(byte dispaddr, chradr, dat, test)
 101          {
 102   1      //  byte  tmp;
 103   1      
 104   1            DispClr = 1;                                                                        // disable displ
             -ay clear line
 105   1            DispCu  = 1;                                                                        // select the AS
             -CII ram, not attribute ram
C51 COMPILER V8.00   HDLG2416                                                              09/12/2025 12:59:54 PAGE 11  

 106   1      
 107   1      //      DispCue = 0;                                                                        // put the dis
             -play in ASCII mode
 108   1            DispCue          = 1;                                                               // make sure to 
             -turn on cursor
 109   1            if((chradr   & 0x01  ) == 0x01  ) DispA0  = 0; else DispA0  = 1;                    // 
 110   1            if((chradr   & 0x02  ) == 0x02  ) DispA1  = 0; else DispA1  = 1;                    // 
 111   1      //  tmp      = ((dat << 1) | 0x01);                                                       // write the dis
             -play data to the display data port
 112   1      //  DispData = tmp;
 113   1            if((dat == 0x80) || (test != 0))
 114   1              {
 115   2              HDLG2416ConfLoad(dispaddr, chradr,0x41);                                          // write configu
             -ration to the display
 116   2              }
 117   1            else  
 118   1              {
 119   2              HDLG2416ConfLoad(dispaddr, chradr,0x40);                                          // write configu
             -ration to the display
 120   2              }
 121   1            HByte0 = dat;                                                                       // get character
             - data
 122   1            bitz07 = bitz04;                                                                    // rearrage data
             - to match board layout
 123   1            bitz04 = bitz06;                                                                    // 
 124   1            bitz06 = bitz07;                                                                    // 
 125   1            DispData = ((HByte0 << 1) | 0x01);                                                  // write the dis
             -play data to the display data port
 126   1      
 127   1            if((dispaddr & aDisp1) == aDisp1) DispCe1 = 0; else DispCe1 = 1;                    // 
 128   1            if((dispaddr & aDisp2) == aDisp2) DispCe2 = 0; else DispCe2 = 1;                    // 
 129   1            if((dispaddr & aDisp3) == aDisp3) DispCe3 = 0; else DispCe3 = 1;                    // 
 130   1            if((dispaddr & aDisp4) == aDisp4) DispCe4 = 0; else DispCe4 = 1;                    // 
 131   1            if((dispaddr & aDisp5) == aDisp5) DispCe5 = 0; else DispCe5 = 1;                    // 
 132   1            if((dispaddr & aDisp6) == aDisp6) DispCe6 = 0; else DispCe6 = 1;                    // 
 133   1            extHardwareDelay();                                                                 // wait 1uS for 
             -the pin state to change
 134   1      
 135   1            HDLG2416ByteLoad();                                                                 // toggle displa
             -y WR line
 136   1      
 137   1            DispCe1 = 1;                                                                        // make sure the
             - display control is disabled
 138   1            DispCe2 = 1;                                                                        // make sure the
             - display control is disabled
 139   1            DispCe3 = 1;                                                                        // make sure the
             - display control is disabled
 140   1            DispCe4 = 1;                                                                        // make sure the
             - display control is disabled
 141   1            DispCe5 = 1;                                                                        // make sure the
             - display control is disabled
 142   1            DispCe6 = 1;                                                                        // make sure the
             - display control is disabled
 143   1      
 144   1            DispCu  = 1;                                                                        // select the di
             -splay RAM
 145   1            DispClr = 1;                                                                        // make sure not
             - to clear the display ram
 146   1            
 147   1      }
 148          
 149          // ----------------------------------------------------------------------------
C51 COMPILER V8.00   HDLG2416                                                              09/12/2025 12:59:54 PAGE 12  

 150          // name    : HDLG2416ByteLoad(void)
 151          // purpose : to load a byte into the hdlg-2416 family of dot matrix displays
 152          // params  : void
 153          // returns : void
 154          // notes   : 
 155          // ----------------------------------------------------------------------------
 156          void HDLG2416ByteLoad(void)
 157          {
 158   1            extHardwareDelay();                                                                 // wait 1uS for 
             -the pin state to change
 159   1            extHardwareDelay();                                                                 // wait 1uS for 
             -the pin state to change
 160   1            DispWr = 1;                                     // deactivate disp clock
 161   1            extHardwareDelay();                                                                 // wait 1uS for 
             -the pin state to change
 162   1            DispWr = 0;                                     // activate disp clock
 163   1            extHardwareDelay();                                                                 // wait 1uS for 
             -the pin state to change
 164   1            DispWr = 1;                                     // deactivate disp clock
 165   1            extHardwareDelay();                                                                 // wait 1uS for 
             -the pin state to change
 166   1      }
 167          
 168          // ----------------------------------------------------------------------------
 169          // name    : HDLG2416Clear(void)
 170          // purpose : to reset the hdlg2416 display family of dot matrix displays
 171          // params  : void
 172          // returns : void
 173          // notes   : the HDLG2416 display family needs a minimum of 10uS for reset
 174          // ----------------------------------------------------------------------------
 175          void HDLG2416Clear(void)
 176          {     
 177   1            DispClr = 0;                                                            // enable the display reset
 178   1            x001uSDelay();                                                          // give the display 1uS - 1u
             -S
*** WARNING C206 IN LINE 178 OF SRC\HID\HDLG2416.C: 'x001uSDelay': missing function-prototype
 179   1            x001uSDelay();                                                          // give the display 1uS - 2u
             -S
 180   1            x001uSDelay();                                                          // give the display 1uS - 3u
             -S
 181   1            x001uSDelay();                                                          // give the display 1uS - 4u
             -S
 182   1            x001uSDelay();                                                          // give the display 1uS - 5u
             -S
 183   1            x001uSDelay();                                                          // give the display 1uS - 6u
             -S
 184   1            x001uSDelay();                                                          // give the display 1uS - 7u
             -S
 185   1            x001uSDelay();                                                          // give the display 1uS - 8u
             -S
 186   1            x001uSDelay();                                                          // give the display 1uS - 9u
             -S
 187   1            x001uSDelay();                                                          // give the display 1uS - 10
             -uS
 188   1            x001uSDelay();                                                          // give the display 1uS - 11
             -uS
 189   1            DispClr = 1;                                                            // disable the display reset
 190   1            x001uSDelay();                                                          // give the display 1uS to m
             -ake sure the reset is not active when data is loaded
 191   1      }
 192          
 193          // ----------------------------------------------------------------------------
C51 COMPILER V8.00   HDLG2416                                                              09/12/2025 12:59:54 PAGE 13  

 194          // name    : HDLG2416Default(void)
 195          // purpose : to reset the hdlg2416 display family of dot matrix displays
 196          // params  : void
 197          // returns : void
 198          // notes   : the HDLG2416 display family needs a minimum of 10uS for reset
 199          // ----------------------------------------------------------------------------
 200          void HDLG2416Default(void)
 201          {     
 202   1            DispData         = 0x20;                                                // P3   = 0xB0
 203   1      //     DispD0           = 0;                                                   // P3_1 = 0xB1
 204   1      //     DispD1           = 0;                                                   // P3_2 = 0xB2
 205   1      //     DispD2           = 0;                                                   // P3_3 = 0xB3
 206   1      //     DispD3           = 0;                                                   // P3_4 = 0xB4
 207   1      //     DispD4           = 0;                                                   // P3_5 = 0xB5
 208   1      //     DispD5           = 1;                                                   // P3_6 = 0xB6
 209   1      //     DispD6           = 0;                                                   // P3_7 = 0xB7
 210   1      
 211   1            DispA0           = 0;                                                   // P1_6 = 0x96
 212   1            DispA1           = 0;                                                   // P1_7 = 0x97
 213   1            DispCue          = 1;                                                   // P1_4 = 0x94
 214   1            DispClr          = 1;                                                   // P1_5 = 0x95
 215   1            DispWr           = 1;                                                   // P1_2 = 0x92
 216   1            DispCu           = 1;                                                   // P1_3 = 0x93
 217   1      
 218   1            DispCe1          = 1;                                                   // P0_7 = 0x87
 219   1            DispCe2          = 1;                                                   // P0_6 = 0x86
 220   1            DispCe3          = 1;                                                   // P0_5 = 0x85
 221   1            DispCe4          = 1;                                                   // P3_0 = 0xB0
 222   1            DispCe5          = 1;                                                   // P1_0 = 0x90
 223   1            DispCe6          = 1;                                                   // P0_4 = 0x84
 224   1            x001uSDelay();                                                          // give the display 1uS to m
             -ake sure the reset is not active when data is loaded
 225   1      }
C51 COMPILER V8.00   HDLG2416                                                              09/12/2025 12:59:54 PAGE 14  

ASSEMBLY LISTING OF GENERATED OBJECT CODE


             ; FUNCTION Com002D (BEGIN)
0000         L?0046:
0000         L?0047:
0000 D284              SETB    DispCe1
0002 D285              SETB    DispCe2
0004 D286              SETB    DispCe3
0006 D2B0              SETB    DispCe4
0008 D290              SETB    DispCe5
000A D287              SETB    DispCe6
000C 22                RET     
000D         L?0048:
000D A20C              MOV     C,bitz04
000F 920F              MOV     bitz07,C
0011 A20E              MOV     C,bitz06
0013 920C              MOV     bitz04,C
0015 A20F              MOV     C,bitz07
0017 920E              MOV     bitz06,C
0019 E500        R     MOV     A,HByte0
001B 25E0              ADD     A,ACC
001D 4401              ORL     A,#01H
001F F5B0              MOV     DispData,A
0021 22                RET     
0022         L?0049:
0022         L?0050:
0022 90000000    R     MOV     DPTR,#dispaddr
0026 E0                MOVX    A,@DPTR
0027 FF                MOV     R7,A
0028 22                RET     
             ; FUNCTION Com002D (END)

             ; FUNCTION _HDLG2416ConfLoad (BEGIN)
                                           ; SOURCE LINE # 42
;---- Variable 'dispaddr' assigned to Register 'R7' ----
;---- Variable 'chradr' assigned to Register 'R5' ----
;---- Variable 'dat' assigned to Register 'R3' ----
                                           ; SOURCE LINE # 43
                                           ; SOURCE LINE # 46
0000 D295              SETB    DispClr
                                           ; SOURCE LINE # 47
0002 C293              CLR     DispCu
                                           ; SOURCE LINE # 49
0004 D294              SETB    DispCue
                                           ; SOURCE LINE # 50
0006 ED                MOV     A,R5
0007 30E004            JNB     ACC.0,?C0001
000A C296              CLR     DispA0
000C 8002              SJMP    ?C0002
000E         ?C0001:
000E D296              SETB    DispA0
0010         ?C0002:
                                           ; SOURCE LINE # 51
0010 ED                MOV     A,R5
0011 30E104            JNB     ACC.1,?C0003
0014 C297              CLR     DispA1
0016 8002              SJMP    ?C0004
0018         ?C0003:
0018 D297              SETB    DispA1
001A         ?C0004:
                                           ; SOURCE LINE # 52
C51 COMPILER V8.00   HDLG2416                                                              09/12/2025 12:59:54 PAGE 15  

001A AE03              MOV     R6,AR3
001C 8E00        R     MOV     HByte0,R6
                                           ; SOURCE LINE # 53
                                           ; SOURCE LINE # 54
                                           ; SOURCE LINE # 55
                                           ; SOURCE LINE # 56
001E 12000000    R     LCALL   L?0048
                                           ; SOURCE LINE # 57
0022 EF                MOV     A,R7
0023 30E204            JNB     ACC.2,?C0005
0026 C284              CLR     DispCe1
0028 8002              SJMP    ?C0006
002A         ?C0005:
002A D284              SETB    DispCe1
002C         ?C0006:
                                           ; SOURCE LINE # 58
002C EF                MOV     A,R7
002D 30E304            JNB     ACC.3,?C0007
0030 C285              CLR     DispCe2
0032 8002              SJMP    ?C0008
0034         ?C0007:
0034 D285              SETB    DispCe2
0036         ?C0008:
                                           ; SOURCE LINE # 59
0036 EF                MOV     A,R7
0037 30E404            JNB     ACC.4,?C0009
003A C286              CLR     DispCe3
003C 8002              SJMP    ?C0010
003E         ?C0009:
003E D286              SETB    DispCe3
0040         ?C0010:
                                           ; SOURCE LINE # 60
0040 EF                MOV     A,R7
0041 30E504            JNB     ACC.5,?C0011
0044 C2B0              CLR     DispCe4
0046 8002              SJMP    ?C0012
0048         ?C0011:
0048 D2B0              SETB    DispCe4
004A         ?C0012:
                                           ; SOURCE LINE # 61
004A EF                MOV     A,R7
004B 30E604            JNB     ACC.6,?C0013
004E C290              CLR     DispCe5
0050 8002              SJMP    ?C0014
0052         ?C0013:
0052 D290              SETB    DispCe5
0054         ?C0014:
                                           ; SOURCE LINE # 62
0054 EF                MOV     A,R7
0055 30E704            JNB     ACC.7,?C0015
0058 C287              CLR     DispCe6
005A 8002              SJMP    ?C0016
005C         ?C0015:
005C D287              SETB    DispCe6
005E         ?C0016:
                                           ; SOURCE LINE # 63
005E 12000000    E     LCALL   extHardwareDelay
                                           ; SOURCE LINE # 65
0062 12000000    R     LCALL   HDLG2416ByteLoad
                                           ; SOURCE LINE # 67
                                           ; SOURCE LINE # 68
                                           ; SOURCE LINE # 69
C51 COMPILER V8.00   HDLG2416                                                              09/12/2025 12:59:54 PAGE 16  

                                           ; SOURCE LINE # 70
                                           ; SOURCE LINE # 71
                                           ; SOURCE LINE # 72
0066 12000000    R     LCALL   L?0046
                                           ; SOURCE LINE # 74
006A D293              SETB    DispCu
                                           ; SOURCE LINE # 75
006C D295              SETB    DispClr
                                           ; SOURCE LINE # 77
006E 22                RET     
             ; FUNCTION _HDLG2416ConfLoad (END)

             ; FUNCTION _HDLG2416DispLoad (BEGIN)
                                           ; SOURCE LINE # 100
0000 90000000    R     MOV     DPTR,#dispaddr
0004 EF                MOV     A,R7
0005 F0                MOVX    @DPTR,A
0006 90000000    R     MOV     DPTR,#dat
000A EA                MOV     A,R2
000B F0                MOVX    @DPTR,A
000C A3                INC     DPTR
000D EB                MOV     A,R3
000E F0                MOVX    @DPTR,A
000F 90000000    R     MOV     DPTR,#chradr
0013 EC                MOV     A,R4
0014 F0                MOVX    @DPTR,A
0015 A3                INC     DPTR
0016 ED                MOV     A,R5
0017 F0                MOVX    @DPTR,A
                                           ; SOURCE LINE # 101
                                           ; SOURCE LINE # 104
0018 D295              SETB    DispClr
                                           ; SOURCE LINE # 105
001A D293              SETB    DispCu
                                           ; SOURCE LINE # 108
001C D294              SETB    DispCue
                                           ; SOURCE LINE # 109
001E 30E004            JNB     ACC.0,?C0018
0021 C296              CLR     DispA0
0023 8002              SJMP    ?C0019
0025         ?C0018:
0025 D296              SETB    DispA0
0027         ?C0019:
                                           ; SOURCE LINE # 110
0027 90000000    R     MOV     DPTR,#chradr
002B E0                MOVX    A,@DPTR
002C FC                MOV     R4,A
002D A3                INC     DPTR
002E E0                MOVX    A,@DPTR
002F FD                MOV     R5,A
0030 30E104            JNB     ACC.1,?C0020
0033 C297              CLR     DispA1
0035 8002              SJMP    ?C0021
0037         ?C0020:
0037 D297              SETB    DispA1
0039         ?C0021:
                                           ; SOURCE LINE # 113
0039 90000000    R     MOV     DPTR,#dat
003D E0                MOVX    A,@DPTR
003E 7004              JNZ     ?C0041
0040 A3                INC     DPTR
0041 E0                MOVX    A,@DPTR
C51 COMPILER V8.00   HDLG2416                                                              09/12/2025 12:59:54 PAGE 17  

0042 6480              XRL     A,#080H
0044         ?C0041:
0044 600B              JZ      ?C0023
0046 90000000    R     MOV     DPTR,#test
004A E0                MOVX    A,@DPTR
004B 7002              JNZ     ?C0042
004D A3                INC     DPTR
004E E0                MOVX    A,@DPTR
004F         ?C0042:
004F 6008              JZ      ?C0022
0051         ?C0023:
                                           ; SOURCE LINE # 114
                                           ; SOURCE LINE # 115
0051 12000000    R     LCALL   L?0049
0055 7B41              MOV     R3,#041H
                                           ; SOURCE LINE # 116
0057 800A              SJMP    ?C0043
0059         ?C0022:
                                           ; SOURCE LINE # 118
                                           ; SOURCE LINE # 119
0059 12000000    R     LCALL   L?0049
005D A3                INC     DPTR
005E A3                INC     DPTR
005F E0                MOVX    A,@DPTR
0060 FD                MOV     R5,A
0061 7B40              MOV     R3,#040H
0063         ?C0043:
0063 12000000    R     LCALL   _HDLG2416ConfLoad
                                           ; SOURCE LINE # 120
0067         ?C0024:
                                           ; SOURCE LINE # 121
0067 90000000    R     MOV     DPTR,#dat
006B A3                INC     DPTR
006C E0                MOVX    A,@DPTR
006D F500        R     MOV     HByte0,A
                                           ; SOURCE LINE # 122
                                           ; SOURCE LINE # 123
                                           ; SOURCE LINE # 124
                                           ; SOURCE LINE # 125
006F 12000000    R     LCALL   L?0048
                                           ; SOURCE LINE # 127
0073 12000000    R     LCALL   L?0050
0077 30E204            JNB     ACC.2,?C0025
007A C284              CLR     DispCe1
007C 8002              SJMP    ?C0026
007E         ?C0025:
007E D284              SETB    DispCe1
0080         ?C0026:
                                           ; SOURCE LINE # 128
0080 EF                MOV     A,R7
0081 30E304            JNB     ACC.3,?C0027
0084 C285              CLR     DispCe2
0086 8002              SJMP    ?C0028
0088         ?C0027:
0088 D285              SETB    DispCe2
008A         ?C0028:
                                           ; SOURCE LINE # 129
008A EF                MOV     A,R7
008B 30E404            JNB     ACC.4,?C0029
008E C286              CLR     DispCe3
0090 8002              SJMP    ?C0030
0092         ?C0029:
C51 COMPILER V8.00   HDLG2416                                                              09/12/2025 12:59:54 PAGE 18  

0092 D286              SETB    DispCe3
0094         ?C0030:
                                           ; SOURCE LINE # 130
0094 EF                MOV     A,R7
0095 30E504            JNB     ACC.5,?C0031
0098 C2B0              CLR     DispCe4
009A 8002              SJMP    ?C0032
009C         ?C0031:
009C D2B0              SETB    DispCe4
009E         ?C0032:
                                           ; SOURCE LINE # 131
009E EF                MOV     A,R7
009F 30E604            JNB     ACC.6,?C0033
00A2 C290              CLR     DispCe5
00A4 8002              SJMP    ?C0034
00A6         ?C0033:
00A6 D290              SETB    DispCe5
00A8         ?C0034:
                                           ; SOURCE LINE # 132
00A8 EF                MOV     A,R7
00A9 30E704            JNB     ACC.7,?C0035
00AC C287              CLR     DispCe6
00AE 8002              SJMP    ?C0036
00B0         ?C0035:
00B0 D287              SETB    DispCe6
00B2         ?C0036:
                                           ; SOURCE LINE # 133
00B2 12000000    E     LCALL   extHardwareDelay
                                           ; SOURCE LINE # 135
00B6 12000000    R     LCALL   HDLG2416ByteLoad
                                           ; SOURCE LINE # 137
                                           ; SOURCE LINE # 138
                                           ; SOURCE LINE # 139
                                           ; SOURCE LINE # 140
                                           ; SOURCE LINE # 141
                                           ; SOURCE LINE # 142
00BA 12000000    R     LCALL   L?0046
                                           ; SOURCE LINE # 144
00BE D293              SETB    DispCu
                                           ; SOURCE LINE # 145
00C0 D295              SETB    DispClr
                                           ; SOURCE LINE # 147
00C2 22                RET     
             ; FUNCTION _HDLG2416DispLoad (END)

             ; FUNCTION HDLG2416ByteLoad (BEGIN)
                                           ; SOURCE LINE # 156
                                           ; SOURCE LINE # 157
                                           ; SOURCE LINE # 158
0000 12000000    E     LCALL   extHardwareDelay
                                           ; SOURCE LINE # 159
0004 12000000    E     LCALL   extHardwareDelay
                                           ; SOURCE LINE # 160
0008 D292              SETB    DispWr
                                           ; SOURCE LINE # 161
000A 12000000    E     LCALL   extHardwareDelay
                                           ; SOURCE LINE # 162
000E C292              CLR     DispWr
                                           ; SOURCE LINE # 163
0010 12000000    E     LCALL   extHardwareDelay
                                           ; SOURCE LINE # 164
0014 D292              SETB    DispWr
C51 COMPILER V8.00   HDLG2416                                                              09/12/2025 12:59:54 PAGE 19  

                                           ; SOURCE LINE # 165
0016 02000000    E     LJMP    extHardwareDelay
             ; FUNCTION HDLG2416ByteLoad (END)

             ; FUNCTION HDLG2416Clear (BEGIN)
                                           ; SOURCE LINE # 175
                                           ; SOURCE LINE # 176
                                           ; SOURCE LINE # 177
0000 C295              CLR     DispClr
                                           ; SOURCE LINE # 178
                                           ; SOURCE LINE # 179
                                           ; SOURCE LINE # 180
                                           ; SOURCE LINE # 181
                                           ; SOURCE LINE # 182
0002 12000000    R     LCALL   L?0044
                                           ; SOURCE LINE # 183
0006 12000000    E     LCALL   x001uSDelay
                                           ; SOURCE LINE # 184
                                           ; SOURCE LINE # 185
                                           ; SOURCE LINE # 186
                                           ; SOURCE LINE # 187
                                           ; SOURCE LINE # 188
000A 12000000    R     LCALL   L?0044
                                           ; SOURCE LINE # 189
000E D295              SETB    DispClr
                                           ; SOURCE LINE # 190
0010 02000000    E     LJMP    x001uSDelay
                                           ; SOURCE LINE # 191
0014         L?0044:
0014 12000000    E     LCALL   x001uSDelay
0018 12000000    E     LCALL   x001uSDelay
001C 12000000    E     LCALL   x001uSDelay
0020 12000000    E     LCALL   x001uSDelay
0024 12000000    E     LCALL   x001uSDelay
0028 22                RET     
             ; FUNCTION HDLG2416Clear (END)

             ; FUNCTION HDLG2416Default (BEGIN)
                                           ; SOURCE LINE # 200
                                           ; SOURCE LINE # 201
                                           ; SOURCE LINE # 202
0000 75B020            MOV     DispData,#020H
                                           ; SOURCE LINE # 211
0003 C296              CLR     DispA0
                                           ; SOURCE LINE # 212
0005 C297              CLR     DispA1
                                           ; SOURCE LINE # 213
0007 D294              SETB    DispCue
                                           ; SOURCE LINE # 214
0009 D295              SETB    DispClr
                                           ; SOURCE LINE # 215
000B D292              SETB    DispWr
                                           ; SOURCE LINE # 216
000D D293              SETB    DispCu
                                           ; SOURCE LINE # 218
                                           ; SOURCE LINE # 219
                                           ; SOURCE LINE # 220
                                           ; SOURCE LINE # 221
                                           ; SOURCE LINE # 222
                                           ; SOURCE LINE # 223
000F 12000000    R     LCALL   L?0047
                                           ; SOURCE LINE # 224
C51 COMPILER V8.00   HDLG2416                                                              09/12/2025 12:59:54 PAGE 20  

0013 02000000    E     LJMP    x001uSDelay
             ; FUNCTION HDLG2416Default (END)

C51 COMPILER V8.00   HDLG2416                                                              09/12/2025 12:59:54 PAGE 21  

NAME                                    CLASS   MSPACE  TYPE    OFFSET  SIZE
====                                    =====   ======  ====    ======  ====


DispA0 . . . . . . . . . . . . . . . .  ABSBIT   -----  BIT      0096H  1
DispA1 . . . . . . . . . . . . . . . .  ABSBIT   -----  BIT      0097H  1
HI8045LOAD . . . . . . . . . . . . . .  ABSBIT   -----  BIT      00B5H  1
DispD0 . . . . . . . . . . . . . . . .  ABSBIT   -----  BIT      00B1H  1
DispD1 . . . . . . . . . . . . . . . .  ABSBIT   -----  BIT      00B2H  1
HDLG2416ByteLoad . . . . . . . . . . .  PUBLIC   CODE   PROC     0000H  -----
DispD2 . . . . . . . . . . . . . . . .  ABSBIT   -----  BIT      00B3H  1
DispD3 . . . . . . . . . . . . . . . .  ABSBIT   -----  BIT      00B4H  1
DispD4 . . . . . . . . . . . . . . . .  ABSBIT   -----  BIT      00B5H  1
DispD5 . . . . . . . . . . . . . . . .  ABSBIT   -----  BIT      00B6H  1
DispD6 . . . . . . . . . . . . . . . .  ABSBIT   -----  BIT      00B7H  1
HByte0 . . . . . . . . . . . . . . . .  PUBLIC   DATA   U_CHAR   0021H  1
DispData . . . . . . . . . . . . . . .  SFR      DATA   U_CHAR   00B0H  1
fpgadatain . . . . . . . . . . . . . .  ABSBIT   -----  BIT      00A3H  1
fpgadataout. . . . . . . . . . . . . .  ABSBIT   -----  BIT      00A1H  1
bitz00 . . . . . . . . . . . . . . . .  ABSBIT   -----  BIT      0108H  1
bitz01 . . . . . . . . . . . . . . . .  ABSBIT   -----  BIT      0109H  1
bitz02 . . . . . . . . . . . . . . . .  ABSBIT   -----  BIT      010AH  1
bitz03 . . . . . . . . . . . . . . . .  ABSBIT   -----  BIT      010BH  1
bitz04 . . . . . . . . . . . . . . . .  ABSBIT   -----  BIT      010CH  1
bitz05 . . . . . . . . . . . . . . . .  ABSBIT   -----  BIT      010DH  1
bitz06 . . . . . . . . . . . . . . . .  ABSBIT   -----  BIT      010EH  1
bitz07 . . . . . . . . . . . . . . . .  ABSBIT   -----  BIT      010FH  1
ScopePin . . . . . . . . . . . . . . .  ABSBIT   -----  BIT      0085H  1
ulong. . . . . . . . . . . . . . . . .  TYPEDEF  -----  U_LONG   -----  4
LogicRst . . . . . . . . . . . . . . .  ABSBIT   -----  BIT      00A5H  1
HrtBeat. . . . . . . . . . . . . . . .  ABSBIT   -----  BIT      0087H  1
bool . . . . . . . . . . . . . . . . .  TYPEDEF  -----  U_INT    -----  2
DispCue. . . . . . . . . . . . . . . .  ABSBIT   -----  BIT      0094H  1
fpgaserialclock. . . . . . . . . . . .  ABSBIT   -----  BIT      00A0H  1
DispClr. . . . . . . . . . . . . . . .  ABSBIT   -----  BIT      0095H  1
byte . . . . . . . . . . . . . . . . .  TYPEDEF  -----  U_CHAR   -----  1
HDLG2416Default. . . . . . . . . . . .  PUBLIC   CODE   PROC     0000H  -----
word . . . . . . . . . . . . . . . . .  TYPEDEF  -----  U_INT    -----  2
HI8045CLK. . . . . . . . . . . . . . .  ABSBIT   -----  BIT      00B3H  1
HI8045DIN. . . . . . . . . . . . . . .  ABSBIT   -----  BIT      00B4H  1
sint . . . . . . . . . . . . . . . . .  TYPEDEF  -----  INT      -----  2
uint . . . . . . . . . . . . . . . . .  TYPEDEF  -----  U_INT    -----  2
x001uSDelay. . . . . . . . . . . . . .  EXTERN   CODE   PROC     -----  -----
fpgaserialload . . . . . . . . . . . .  ABSBIT   -----  BIT      00A2H  1
DispCu . . . . . . . . . . . . . . . .  ABSBIT   -----  BIT      0093H  1
fpgaserialale. . . . . . . . . . . . .  ABSBIT   -----  BIT      00A4H  1
HDLG2416Clear. . . . . . . . . . . . .  PUBLIC   CODE   PROC     0000H  -----
_HDLG2416ConfLoad. . . . . . . . . . .  PUBLIC   CODE   PROC     0000H  -----
  dispaddr . . . . . . . . . . . . . .  * REG *  DATA   U_CHAR   0007H  1
  chradr . . . . . . . . . . . . . . .  * REG *  DATA   U_CHAR   0005H  1
  dat. . . . . . . . . . . . . . . . .  * REG *  DATA   U_CHAR   0003H  1
DispWr . . . . . . . . . . . . . . . .  ABSBIT   -----  BIT      0092H  1
_HDLG2416DispLoad. . . . . . . . . . .  PUBLIC   CODE   PROC     0000H  -----
  dispaddr . . . . . . . . . . . . . .  AUTO     XDATA  U_CHAR   0000H  1
  chradr . . . . . . . . . . . . . . .  AUTO     XDATA  INT      0001H  2
  dat. . . . . . . . . . . . . . . . .  AUTO     XDATA  INT      0003H  2
  test . . . . . . . . . . . . . . . .  AUTO     XDATA  INT      0005H  2
HI8045T1 . . . . . . . . . . . . . . .  ABSBIT   -----  BIT      00B1H  1
HI8045T2 . . . . . . . . . . . . . . .  ABSBIT   -----  BIT      00B2H  1
DispCe1. . . . . . . . . . . . . . . .  ABSBIT   -----  BIT      0084H  1
DispCe2. . . . . . . . . . . . . . . .  ABSBIT   -----  BIT      0085H  1
C51 COMPILER V8.00   HDLG2416                                                              09/12/2025 12:59:54 PAGE 22  

NAME                                    CLASS   MSPACE  TYPE    OFFSET  SIZE
====                                    =====   ======  ====    ======  ====


DispCe3. . . . . . . . . . . . . . . .  ABSBIT   -----  BIT      0086H  1
DispCe4. . . . . . . . . . . . . . . .  ABSBIT   -----  BIT      00B0H  1
DispCe5. . . . . . . . . . . . . . . .  ABSBIT   -----  BIT      0090H  1
DispCe6. . . . . . . . . . . . . . . .  ABSBIT   -----  BIT      0087H  1
extHardwareDelay . . . . . . . . . . .  EXTERN   CODE   PROC     -----  -----
HI8045CS . . . . . . . . . . . . . . .  ABSBIT   -----  BIT      00B6H  1


MODULE INFORMATION:   STATIC OVERLAYABLE
   CODE SIZE        =    437    ----
   CONSTANT SIZE    =   ----    ----
   XDATA SIZE       =   ----       7
   PDATA SIZE       =   ----    ----
   DATA SIZE        =   ----    ----
   IDATA SIZE       =   ----    ----
   BIT SIZE         =   ----    ----
   EDATA SIZE       =   ----    ----
   HDATA SIZE       =   ----    ----
   XDATA CONST SIZE =   ----    ----
   FAR CONST SIZE   =   ----    ----
END OF MODULE INFORMATION.


C51 COMPILATION COMPLETE.  2 WARNING(S),  0 ERROR(S)
