Microsemi Libero Software
Version: 11.7.1.14
Release: v11.7 SP1.1

Info: The design mainprogram.adb was last modified by software version 11.7.1.14.
Opened an existing Libero design mainprogram.adb.
Warning: in Constraint checker: Incomplete generated clock constraint - master pin
         "clock_master/counter[0]:CLK" does not have a valid clock.
         Constraint origin:
         C:/_SWork/8xxx/8400-8499/8436/Electrical/Engineering/Source_Code/FPGA/F753033_117/cons\
         traint/mainprogram.sdc, line 23
Warning: in Constraint checker: Incomplete generated clock constraint - master pin
         "clock_master/counter[1]:CLK" does not have a valid clock.
         Constraint origin:
         C:/_SWork/8xxx/8400-8499/8436/Electrical/Engineering/Source_Code/FPGA/F753033_117/cons\
         traint/mainprogram.sdc, line 25
Warning: in Constraint checker: Incomplete generated clock constraint - master pin
         "clock_master/counter[7]:CLK" does not have a valid clock.
         Constraint origin:
         C:/_SWork/8xxx/8400-8499/8436/Electrical/Engineering/Source_Code/FPGA/F753033_117/cons\
         traint/mainprogram.sdc, line 27
Warning: in Constraint checker: Incomplete generated clock constraint - master pin
         "clock_master/counter[2]:CLK" does not have a valid clock.
         Constraint origin:
         C:/_SWork/8xxx/8400-8499/8436/Electrical/Engineering/Source_Code/FPGA/F753033_117/cons\
         traint/mainprogram.sdc, line 29

The Execute Script command succeeded ( 00:00:05 )
Warning: in Constraint checker: Incomplete generated clock constraint - master pin
         "clock_master/counter[0]:CLK" does not have a valid clock.
         Constraint origin: GUI
Warning: in Constraint checker: Incomplete generated clock constraint - master pin
         "clock_master/counter[1]:CLK" does not have a valid clock.
         Constraint origin: GUI
Warning: in Constraint checker: Incomplete generated clock constraint - master pin
         "clock_master/counter[1]:CLK" does not have a valid clock.
         Constraint origin: GUI
Warning: in Constraint checker: Incomplete generated clock constraint - master pin
         "clock_master/counter[7]:CLK" does not have a valid clock.
         Constraint origin: GUI
Warning: in Constraint checker: Incomplete generated clock constraint - master pin
         "clock_master/counter[2]:CLK" does not have a valid clock.
         Constraint origin: GUI

 Netlist Reading Time = 0.0 seconds
Imported the file:

C:\_SWork\8xxx\8400-8499\8436\Electrical\Engineering\Source_Code\FPGA\F753033_117\synthesis\mai\
nprogram.edn

The Import command succeeded ( 00:00:05 )
Design saved to file
C:\_SWork\8xxx\8400-8499\8436\Electrical\Engineering\Source_Code\FPGA\F753033_117\designer\impl\
1\mainprogram.adb.
Design closed.

