Timing Report Max Delay Analysis

SmartTime Version v11.7 SP1.1
Microsemi Corporation - Microsemi Libero Software Release v11.7 SP1.1 (Version 11.7.1.14)
Date: Thu Jul 27 09:18:05 2017


Design: mainprogram
Family: IGLOO
Die: AGLN250V5
Package: 100 VQFP
Temperature Range: 0 - 70 C
Voltage Range: 1.425 - 1.575 V
Speed Grade: STD
Design State: Post-Layout
Data source: Silicon verified
Min Operating Conditions: BEST - 1.575 V - 0 C
Max Operating Conditions: WORST - 1.425 V - 70 C
Using Enhanced Min Delay Analysis
Scenario for Timing Analysis: Primary


-----------------------------------------------------
SUMMARY

Clock Domain:               SerialClock
Period (ns):                11.749
Frequency (MHz):            85.114
Required Period (ns):       N/A
Required Frequency (MHz):   N/A
External Setup (ns):        12.119
External Hold (ns):         -1.250
Min Clock-To-Out (ns):      N/A
Max Clock-To-Out (ns):      N/A

Clock Domain:               XCLK
Period (ns):                11.049
Frequency (MHz):            90.506
Required Period (ns):       5.000
Required Frequency (MHz):   200.000
External Setup (ns):        12.002
External Hold (ns):         -1.957
Min Clock-To-Out (ns):      N/A
Max Clock-To-Out (ns):      N/A

Clock Domain:               clock_master/counter[0]:Q
Period (ns):                13.969
Frequency (MHz):            71.587
Required Period (ns):       10.000
Required Frequency (MHz):   100.000
External Setup (ns):        12.296
External Hold (ns):         0.208
Min Clock-To-Out (ns):      5.432
Max Clock-To-Out (ns):      16.918

Clock Domain:               clock_master/counter[1]:Q
Period (ns):                10.768
Frequency (MHz):            92.868
Required Period (ns):       20.000
Required Frequency (MHz):   50.000
External Setup (ns):        3.621
External Hold (ns):         1.281
Min Clock-To-Out (ns):      5.395
Max Clock-To-Out (ns):      13.656

Clock Domain:               clock_master/counter[2]:Q
Period (ns):                9.525
Frequency (MHz):            104.987
Required Period (ns):       40.000
Required Frequency (MHz):   25.000
External Setup (ns):        5.603
External Hold (ns):         1.815
Min Clock-To-Out (ns):      3.739
Max Clock-To-Out (ns):      13.074

Clock Domain:               clock_master/counter[7]:Q
Period (ns):                30.215
Frequency (MHz):            33.096
Required Period (ns):       320.000
Required Frequency (MHz):   3.125
External Setup (ns):        20.299
External Hold (ns):         1.909
Min Clock-To-Out (ns):      5.153
Max Clock-To-Out (ns):      18.926

                            Input to Output
Min Delay (ns):             N/A
Max Delay (ns):             N/A

END SUMMARY
-----------------------------------------------------

Clock Domain SerialClock

SET Register to Register

Path 1
  From:                        discretedutycycle01/cellindex[2]:CLK
  To:                          discretedutycycle01/paralleldata[4]:D
  Delay (ns):                  11.001
  Slack (ns):
  Arrival (ns):                13.429
  Required (ns):
  Setup (ns):                  0.757
  Minimum Period (ns):         11.749

Path 2
  From:                        discretedutycycle01/cellindex[2]:CLK
  To:                          discretedutycycle01/paralleldata[5]:D
  Delay (ns):                  10.067
  Slack (ns):
  Arrival (ns):                12.495
  Required (ns):
  Setup (ns):                  0.757
  Minimum Period (ns):         10.808

Path 3
  From:                        discretedutycycle01/cellindex[3]:CLK
  To:                          discretedutycycle01/paralleldata[4]:D
  Delay (ns):                  10.050
  Slack (ns):
  Arrival (ns):                12.478
  Required (ns):
  Setup (ns):                  0.757
  Minimum Period (ns):         10.798

Path 4
  From:                        addresslatch/cellindex[1]:CLK
  To:                          addresslatch/paralleldata[7]:D
  Delay (ns):                  9.936
  Slack (ns):
  Arrival (ns):                12.372
  Required (ns):
  Setup (ns):                  0.757
  Minimum Period (ns):         10.693

Path 5
  From:                        discretedutycycle01/cellindex[2]:CLK
  To:                          discretedutycycle01/paralleldata[6]:D
  Delay (ns):                  9.750
  Slack (ns):
  Arrival (ns):                12.178
  Required (ns):
  Setup (ns):                  0.757
  Minimum Period (ns):         10.527


Expanded Path 1
  From: discretedutycycle01/cellindex[2]:CLK
  To: discretedutycycle01/paralleldata[4]:D
  data required time                             N/C
  data arrival time                          -   13.429
  slack                                          N/C
  ________________________________________________________
  Data arrival time calculation
  0.000                        SerialClock
               +     0.000          Clock source
  0.000                        SerialClock (r)
               +     0.000          net: SerialClock
  0.000                        SerialClock_pad/U0/U0:PAD (r)
               +     1.158          cell: ADLIB:IOPAD_IN
  1.158                        SerialClock_pad/U0/U0:Y (r)
               +     0.000          net: SerialClock_pad/U0/NET1
  1.158                        SerialClock_pad/U0/U1:A (r)
               +     0.636          cell: ADLIB:CLKIO
  1.794                        SerialClock_pad/U0/U1:Y (r)
               +     0.634          net: SerialClock_c
  2.428                        discretedutycycle01/cellindex[2]:CLK (r)
               +     0.886          cell: ADLIB:DFN1E0
  3.314                        discretedutycycle01/cellindex[2]:Q (f)
               +     1.179          net: discretedutycycle01/cellindex[2]
  4.493                        discretedutycycle01/cellindex_RNILCOL_0[3]:A (f)
               +     0.847          cell: ADLIB:NOR2A
  5.340                        discretedutycycle01/cellindex_RNILCOL_0[3]:Y (f)
               +     5.281          net: discretedutycycle01/un1_paralleldata_2[7]
  10.621                       discretedutycycle01/paralleldata_RNO_1[4]:C (f)
               +     0.863          cell: ADLIB:NOR3C
  11.484                       discretedutycycle01/paralleldata_RNO_1[4]:Y (f)
               +     0.215          net: discretedutycycle01/N_131
  11.699                       discretedutycycle01/paralleldata_RNO_0[4]:S (f)
               +     0.462          cell: ADLIB:MX2
  12.161                       discretedutycycle01/paralleldata_RNO_0[4]:Y (f)
               +     0.228          net: discretedutycycle01/N_131_mux
  12.389                       discretedutycycle01/paralleldata_RNO[4]:A (f)
               +     0.783          cell: ADLIB:NOR2A
  13.172                       discretedutycycle01/paralleldata_RNO[4]:Y (f)
               +     0.257          net: discretedutycycle01/paralleldata_RNO_3[4]
  13.429                       discretedutycycle01/paralleldata[4]:D (f)
                                    
  13.429                       data arrival time
  ________________________________________________________
  Data required time calculation
  N/C                          SerialClock
               +     0.000          Clock source
  N/C                          SerialClock (r)
               +     0.000          net: SerialClock
  N/C                          SerialClock_pad/U0/U0:PAD (r)
               +     1.158          cell: ADLIB:IOPAD_IN
  N/C                          SerialClock_pad/U0/U0:Y (r)
               +     0.000          net: SerialClock_pad/U0/NET1
  N/C                          SerialClock_pad/U0/U1:A (r)
               +     0.636          cell: ADLIB:CLKIO
  N/C                          SerialClock_pad/U0/U1:Y (r)
               +     0.643          net: SerialClock_c
  N/C                          discretedutycycle01/paralleldata[4]:CLK (r)
               -     0.757          Library setup time: ADLIB:DFN1
  N/C                          discretedutycycle01/paralleldata[4]:D


END SET Register to Register

----------------------------------------------------

SET External Setup

Path 1
  From:                        SerialLoad
  To:                          externenablelatch/paralleldata[0]:D
  Delay (ns):                  13.806
  Slack (ns):
  Arrival (ns):                13.806
  Required (ns):
  Setup (ns):                  0.757
  External Setup (ns):         12.119

Path 2
  From:                        SerialLoad
  To:                          externenablelatch/paralleldata[1]:D
  Delay (ns):                  13.785
  Slack (ns):
  Arrival (ns):                13.785
  Required (ns):
  Setup (ns):                  0.757
  External Setup (ns):         12.105

Path 3
  From:                        SerialLoad
  To:                          externenablelatch/paralleldata[2]:D
  Delay (ns):                  13.754
  Slack (ns):
  Arrival (ns):                13.754
  Required (ns):
  Setup (ns):                  0.757
  External Setup (ns):         12.098

Path 4
  From:                        SerialLoad
  To:                          externenablelatch/paralleldata[4]:D
  Delay (ns):                  13.429
  Slack (ns):
  Arrival (ns):                13.429
  Required (ns):
  Setup (ns):                  0.757
  External Setup (ns):         11.771

Path 5
  From:                        SerialLoad
  To:                          discretedutycycle01/paralleldata[6]:D
  Delay (ns):                  12.690
  Slack (ns):
  Arrival (ns):                12.690
  Required (ns):
  Setup (ns):                  0.757
  External Setup (ns):         11.039


Expanded Path 1
  From: SerialLoad
  To: externenablelatch/paralleldata[0]:D
  data required time                             N/C
  data arrival time                          -   13.806
  slack                                          N/C
  ________________________________________________________
  Data arrival time calculation
  0.000                        SerialLoad (f)
               +     0.000          net: SerialLoad
  0.000                        SerialLoad_pad/U0/U0:PAD (f)
               +     1.075          cell: ADLIB:IOPAD_IN
  1.075                        SerialLoad_pad/U0/U0:Y (f)
               +     0.000          net: SerialLoad_pad/U0/NET1
  1.075                        SerialLoad_pad/U0/U1:YIN (f)
               +     0.184          cell: ADLIB:IOIN_IB
  1.259                        SerialLoad_pad/U0/U1:Y (f)
               +     2.787          net: SerialLoad_pad
  4.046                        SerialLoad_pad_RNIK82F:A (f)
               +     1.294          cell: ADLIB:CLKINT
  5.340                        SerialLoad_pad_RNIK82F:Y (f)
               +     0.745          net: SerialLoad_c
  6.085                        externenablelatch/output_0_sqmuxa:B (f)
               +     0.472          cell: ADLIB:NOR2A
  6.557                        externenablelatch/output_0_sqmuxa:Y (r)
               +     2.078          net: externenablelatch/output_0_sqmuxa
  8.635                        externenablelatch/cellindex_RNIH1BG1_0[2]:A (r)
               +     0.850          cell: ADLIB:NOR2A
  9.485                        externenablelatch/cellindex_RNIH1BG1_0[2]:Y (r)
               +     0.294          net: externenablelatch/paralleldata_0_e_0[3]
  9.779                        externenablelatch/paralleldata_RNO_1[0]:A (r)
               +     1.037          cell: ADLIB:NOR3A
  10.816                       externenablelatch/paralleldata_RNO_1[0]:Y (r)
               +     1.172          net: externenablelatch/N_92
  11.988                       externenablelatch/paralleldata_RNO_0[0]:S (r)
               +     0.550          cell: ADLIB:MX2
  12.538                       externenablelatch/paralleldata_RNO_0[0]:Y (f)
               +     0.228          net: externenablelatch/N_92_mux
  12.766                       externenablelatch/paralleldata_RNO[0]:A (f)
               +     0.783          cell: ADLIB:NOR2A
  13.549                       externenablelatch/paralleldata_RNO[0]:Y (f)
               +     0.257          net: externenablelatch/paralleldata_RNO_0[0]
  13.806                       externenablelatch/paralleldata[0]:D (f)
                                    
  13.806                       data arrival time
  ________________________________________________________
  Data required time calculation
  N/C                          SerialClock
               +     0.000          Clock source
  N/C                          SerialClock (r)
               +     0.000          net: SerialClock
  N/C                          SerialClock_pad/U0/U0:PAD (r)
               +     1.158          cell: ADLIB:IOPAD_IN
  N/C                          SerialClock_pad/U0/U0:Y (r)
               +     0.000          net: SerialClock_pad/U0/NET1
  N/C                          SerialClock_pad/U0/U1:A (r)
               +     0.636          cell: ADLIB:CLKIO
  N/C                          SerialClock_pad/U0/U1:Y (r)
               +     0.650          net: SerialClock_c
  N/C                          externenablelatch/paralleldata[0]:CLK (r)
               -     0.757          Library setup time: ADLIB:DFN1
  N/C                          externenablelatch/paralleldata[0]:D


END SET External Setup

----------------------------------------------------

SET Clock to Output

No Path

END SET Clock to Output

----------------------------------------------------

SET Register to Asynchronous

No Path

END SET Register to Asynchronous

----------------------------------------------------

SET External Recovery

No Path

END SET External Recovery

----------------------------------------------------

SET Asynchronous to Register

No Path

END SET Asynchronous to Register

----------------------------------------------------

Clock Domain XCLK

SET Register to Register

Path 1
  From:                        clock_master/counter[2]:CLK
  To:                          clock_master/counter[4]:D
  Delay (ns):                  10.298
  Slack (ns):                  -6.049
  Arrival (ns):                12.440
  Required (ns):               6.391
  Setup (ns):                  0.784
  Minimum Period (ns):         11.049

Path 2
  From:                        clock_master/counter[2]:CLK
  To:                          clock_master/counter[7]:D
  Delay (ns):                  10.720
  Slack (ns):                  -5.754
  Arrival (ns):                12.862
  Required (ns):               7.108
  Setup (ns):                  0.784
  Minimum Period (ns):         10.754

Path 3
  From:                        clock_master/counter[2]:CLK
  To:                          clock_master/counter[5]:D
  Delay (ns):                  10.135
  Slack (ns):                  -5.655
  Arrival (ns):                12.277
  Required (ns):               6.622
  Setup (ns):                  0.784
  Minimum Period (ns):         10.655

Path 4
  From:                        clock_master/counter[0]:CLK
  To:                          clock_master/counter[7]:D
  Delay (ns):                  10.547
  Slack (ns):                  -5.581
  Arrival (ns):                12.689
  Required (ns):               7.108
  Setup (ns):                  0.784
  Minimum Period (ns):         10.581

Path 5
  From:                        clock_master/counter[1]:CLK
  To:                          clock_master/counter[7]:D
  Delay (ns):                  10.285
  Slack (ns):                  -5.364
  Arrival (ns):                12.472
  Required (ns):               7.108
  Setup (ns):                  0.784
  Minimum Period (ns):         10.364


Expanded Path 1
  From: clock_master/counter[2]:CLK
  To: clock_master/counter[4]:D
  data required time                             6.391
  data arrival time                          -   12.440
  slack                                          -6.049
  ________________________________________________________
  Data arrival time calculation
  0.000                        XCLK
               +     0.000          Clock source
  0.000                        XCLK (r)
               +     0.000          net: XCLK
  0.000                        XCLK_pad/U0/U0:PAD (r)
               +     0.862          cell: ADLIB:IOPAD_IN
  0.862                        XCLK_pad/U0/U0:Y (r)
               +     0.000          net: XCLK_pad/U0/NET1
  0.862                        XCLK_pad/U0/U1:YIN (r)
               +     0.188          cell: ADLIB:IOIN_IB
  1.050                        XCLK_pad/U0/U1:Y (r)
               +     1.092          net: XCLK_c
  2.142                        clock_master/counter[2]:CLK (r)
               +     0.797          cell: ADLIB:DFN1
  2.939                        clock_master/counter[2]:Q (f)
               +     1.194          net: clock_master/counter_i[2]
  4.133                        clock_master/counter_RNIFBO8[2]:A (f)
               +     1.294          cell: ADLIB:CLKINT
  5.427                        clock_master/counter_RNIFBO8[2]:Y (f)
               +     0.529          net: Clock03
  5.956                        clock_master/counter_4_I_5:A (f)
               +     0.645          cell: ADLIB:AND2
  6.601                        clock_master/counter_4_I_5:Y (f)
               +     0.953          net: clock_master/DWACT_ADD_CI_0_g_array_0_2[0]
  7.554                        clock_master/counter_4_I_37:A (f)
               +     0.605          cell: ADLIB:NOR2B
  8.159                        clock_master/counter_4_I_37:Y (f)
               +     0.257          net: clock_master/DWACT_ADD_CI_0_g_array_1_1[0]
  8.416                        clock_master/counter_4_I_38:C (f)
               +     0.785          cell: ADLIB:AO1
  9.201                        clock_master/counter_4_I_38:Y (f)
               +     0.832          net: clock_master/DWACT_ADD_CI_0_g_array_2[0]
  10.033                       clock_master/counter_4_I_30:B (f)
               +     1.481          cell: ADLIB:XOR2
  11.514                       clock_master/counter_4_I_30:Y (r)
               +     0.926          net: clock_master/counter_4[4]
  12.440                       clock_master/counter[4]:D (r)
                                    
  12.440                       data arrival time
  ________________________________________________________
  Data required time calculation
  5.000                        XCLK
               +     0.000          Clock source
  5.000                        XCLK (r)
               +     0.000          net: XCLK
  5.000                        XCLK_pad/U0/U0:PAD (r)
               +     0.862          cell: ADLIB:IOPAD_IN
  5.862                        XCLK_pad/U0/U0:Y (r)
               +     0.000          net: XCLK_pad/U0/NET1
  5.862                        XCLK_pad/U0/U1:YIN (r)
               +     0.188          cell: ADLIB:IOIN_IB
  6.050                        XCLK_pad/U0/U1:Y (r)
               +     1.125          net: XCLK_c
  7.175                        clock_master/counter[4]:CLK (r)
               -     0.784          Library setup time: ADLIB:DFN1
  6.391                        clock_master/counter[4]:D
                                    
  6.391                        data required time


END SET Register to Register

----------------------------------------------------

SET External Setup

Path 1
  From:                        LogicReset
  To:                          clock_master/counter[7]:D
  Delay (ns):                  14.110
  Slack (ns):
  Arrival (ns):                14.110
  Required (ns):
  Setup (ns):                  0.784
  External Setup (ns):         12.002

Path 2
  From:                        LogicReset
  To:                          clock_master/counter[4]:D
  Delay (ns):                  12.412
  Slack (ns):
  Arrival (ns):                12.412
  Required (ns):
  Setup (ns):                  0.784
  External Setup (ns):         11.021

Path 3
  From:                        LogicReset
  To:                          clock_master/counter[5]:D
  Delay (ns):                  12.253
  Slack (ns):
  Arrival (ns):                12.253
  Required (ns):
  Setup (ns):                  0.836
  External Setup (ns):         10.683

Path 4
  From:                        LogicReset
  To:                          clock_master/counter[2]:D
  Delay (ns):                  11.453
  Slack (ns):
  Arrival (ns):                11.453
  Required (ns):
  Setup (ns):                  0.836
  External Setup (ns):         10.147

Path 5
  From:                        LogicReset
  To:                          clock_master/counter[6]:D
  Delay (ns):                  11.997
  Slack (ns):
  Arrival (ns):                11.997
  Required (ns):
  Setup (ns):                  0.836
  External Setup (ns):         10.143


Expanded Path 1
  From: LogicReset
  To: clock_master/counter[7]:D
  data required time                             N/C
  data arrival time                          -   14.110
  slack                                          N/C
  ________________________________________________________
  Data arrival time calculation
  0.000                        LogicReset (f)
               +     0.000          net: LogicReset
  0.000                        LogicReset_pad/U0/U0:PAD (f)
               +     0.578          cell: ADLIB:IOPAD_IN
  0.578                        LogicReset_pad/U0/U0:Y (f)
               +     0.000          net: LogicReset_pad/U0/NET1
  0.578                        LogicReset_pad/U0/U1:YIN (f)
               +     0.184          cell: ADLIB:IOIN_IB
  0.762                        LogicReset_pad/U0/U1:Y (f)
               +     2.677          net: LogicReset_pad
  3.439                        LogicReset_pad_RNI5AOB:A (f)
               +     1.294          cell: ADLIB:CLKINT
  4.733                        LogicReset_pad_RNI5AOB:Y (f)
               +     0.769          net: LogicReset_c
  5.502                        clock_master/counter_8_I_6:B (f)
               +     0.778          cell: ADLIB:AND2
  6.280                        clock_master/counter_8_I_6:Y (f)
               +     0.986          net: clock_master/DWACT_ADD_CI_0_g_array_0_1[0]
  7.266                        clock_master/counter_8_I_36:C (f)
               +     1.063          cell: ADLIB:AO1
  8.329                        clock_master/counter_8_I_36:Y (f)
               +     0.228          net: clock_master/DWACT_ADD_CI_0_g_array_1[0]
  8.557                        clock_master/counter_8_I_35:B (f)
               +     0.676          cell: ADLIB:AO1
  9.233                        clock_master/counter_8_I_35:Y (f)
               +     0.909          net: clock_master/DWACT_ADD_CI_0_g_array_2_0[0]
  10.142                       clock_master/counter_8_I_44:A (f)
               +     0.821          cell: ADLIB:NOR3C
  10.963                       clock_master/counter_8_I_44:Y (f)
               +     0.815          net: clock_master/DWACT_ADD_CI_0_g_array_12_2[0]
  11.778                       clock_master/counter_8_I_34:B (f)
               +     1.475          cell: ADLIB:XOR2
  13.253                       clock_master/counter_8_I_34:Y (r)
               +     0.857          net: clock_master/counter_4_3_0[7]
  14.110                       clock_master/counter[7]:D (r)
                                    
  14.110                       data arrival time
  ________________________________________________________
  Data required time calculation
  N/C                          XCLK
               +     0.000          Clock source
  N/C                          XCLK (r)
               +     0.000          net: XCLK
  N/C                          XCLK_pad/U0/U0:PAD (r)
               +     0.862          cell: ADLIB:IOPAD_IN
  N/C                          XCLK_pad/U0/U0:Y (r)
               +     0.000          net: XCLK_pad/U0/NET1
  N/C                          XCLK_pad/U0/U1:YIN (r)
               +     0.188          cell: ADLIB:IOIN_IB
  N/C                          XCLK_pad/U0/U1:Y (r)
               +     1.842          net: XCLK_c
  N/C                          clock_master/counter[7]:CLK (r)
               -     0.784          Library setup time: ADLIB:DFN1
  N/C                          clock_master/counter[7]:D


END SET External Setup

----------------------------------------------------

SET Clock to Output

No Path

END SET Clock to Output

----------------------------------------------------

SET Register to Asynchronous

No Path

END SET Register to Asynchronous

----------------------------------------------------

SET External Recovery

No Path

END SET External Recovery

----------------------------------------------------

SET Asynchronous to Register

No Path

END SET Asynchronous to Register

----------------------------------------------------

Clock Domain clock_master/counter[0]:Q

SET Register to Register

Path 1
  From:                        addresslatch/output[1]:CLK
  To:                          externenablelatch/output[2]:D
  Delay (ns):                  13.101
  Slack (ns):                  -3.969
  Arrival (ns):                19.204
  Required (ns):               15.235
  Setup (ns):                  0.757
  Minimum Period (ns):         13.969

Path 2
  From:                        addresslatch/output[1]:CLK
  To:                          externenablelatch/output[4]:D
  Delay (ns):                  12.888
  Slack (ns):                  -3.805
  Arrival (ns):                18.991
  Required (ns):               15.186
  Setup (ns):                  0.757
  Minimum Period (ns):         13.805

Path 3
  From:                        addresslatch/output[1]:CLK
  To:                          externenablelatch/output[3]:D
  Delay (ns):                  12.874
  Slack (ns):                  -3.742
  Arrival (ns):                18.977
  Required (ns):               15.235
  Setup (ns):                  0.757
  Minimum Period (ns):         13.742

Path 4
  From:                        addresslatch/output[1]:CLK
  To:                          externenablelatch/output[1]:D
  Delay (ns):                  12.721
  Slack (ns):                  -3.465
  Arrival (ns):                18.824
  Required (ns):               15.359
  Setup (ns):                  0.757
  Minimum Period (ns):         13.465

Path 5
  From:                        addresslatch/output[0]:CLK
  To:                          ioBank63reader/parallelholdreg[0]:D
  Delay (ns):                  12.630
  Slack (ns):                  -3.378
  Arrival (ns):                18.699
  Required (ns):               15.321
  Setup (ns):                  0.757
  Minimum Period (ns):         13.378


Expanded Path 1
  From: addresslatch/output[1]:CLK
  To: externenablelatch/output[2]:D
  data required time                             15.235
  data arrival time                          -   19.204
  slack                                          -3.969
  ________________________________________________________
  Data arrival time calculation
  0.000                        clock_master/counter[0]:Q
               +     0.000          Clock source
  0.000                        clock_master/counter[0]:Q (r)
               +     2.759          Clock generation
  2.759
               +     1.368          net: clock_master/counter_i[0]
  4.127                        clock_master/counter_RNID9O8[0]:A (r)
               +     1.197          cell: ADLIB:CLKINT
  5.324                        clock_master/counter_RNID9O8[0]:Y (r)
               +     0.779          net: Clock01
  6.103                        addresslatch/output[1]:CLK (r)
               +     0.886          cell: ADLIB:DFN1
  6.989                        addresslatch/output[1]:Q (f)
               +     2.629          net: internaddr[1]
  9.618                        externenablelatch/CellIndexUpdate.un39_address_0:B (f)
               +     1.052          cell: ADLIB:NOR2
  10.670                       externenablelatch/CellIndexUpdate.un39_address_0:Y (r)
               +     0.244          net: externenablelatch/un39_address_0
  10.914                       externenablelatch/CellIndexUpdate.un39_address_3_0:A (r)
               +     0.680          cell: ADLIB:NOR3C
  11.594                       externenablelatch/CellIndexUpdate.un39_address_3_0:Y (r)
               +     0.244          net: externenablelatch/un39_address_3
  11.838                       externenablelatch/CellIndexUpdate.un39_address:A (r)
               +     0.596          cell: ADLIB:NOR2B
  12.434                       externenablelatch/CellIndexUpdate.un39_address:Y (r)
               +     1.710          net: externenablelatch/un39_address
  14.144                       externenablelatch/output_0_sqmuxa:A (r)
               +     1.107          cell: ADLIB:NOR2A
  15.251                       externenablelatch/output_0_sqmuxa:Y (r)
               +     0.881          net: externenablelatch/output_0_sqmuxa
  16.132                       externenablelatch/output_RNO_0[2]:S (r)
               +     0.579          cell: ADLIB:MX2
  16.711                       externenablelatch/output_RNO_0[2]:Y (f)
               +     0.228          net: externenablelatch/N_48
  16.939                       externenablelatch/output_RNO[2]:A (f)
               +     0.783          cell: ADLIB:NOR2A
  17.722                       externenablelatch/output_RNO[2]:Y (f)
               +     1.482          net: externenablelatch/output_RNO_0[2]
  19.204                       externenablelatch/output[2]:D (f)
                                    
  19.204                       data arrival time
  ________________________________________________________
  Data required time calculation
  10.000                       clock_master/counter[0]:Q
               +     0.000          Clock source
  10.000                       clock_master/counter[0]:Q (r)
               +     2.759          Clock generation
  12.759
               +     1.368          net: clock_master/counter_i[0]
  14.127                       clock_master/counter_RNID9O8[0]:A (r)
               +     1.197          cell: ADLIB:CLKINT
  15.324                       clock_master/counter_RNID9O8[0]:Y (r)
               +     0.668          net: Clock01
  15.992                       externenablelatch/output[2]:CLK (r)
               -     0.757          Library setup time: ADLIB:DFN1
  15.235                       externenablelatch/output[2]:D
                                    
  15.235                       data required time


END SET Register to Register

----------------------------------------------------

SET External Setup

Path 1
  From:                        SerialLoad
  To:                          firmware/parallelholdreg[2]:D
  Delay (ns):                  17.541
  Slack (ns):
  Arrival (ns):                17.541
  Required (ns):
  Setup (ns):                  0.757
  External Setup (ns):         12.296

Path 2
  From:                        LogicReset
  To:                          firmware/parallelholdreg[2]:D
  Delay (ns):                  17.160
  Slack (ns):
  Arrival (ns):                17.160
  Required (ns):
  Setup (ns):                  0.757
  External Setup (ns):         11.915

Path 3
  From:                        SerialLoad
  To:                          firmware/parallelholdreg[4]:D
  Delay (ns):                  16.841
  Slack (ns):
  Arrival (ns):                16.841
  Required (ns):
  Setup (ns):                  0.757
  External Setup (ns):         11.529

Path 4
  From:                        SerialLoad
  To:                          firmware/parallelholdreg[3]:D
  Delay (ns):                  16.729
  Slack (ns):
  Arrival (ns):                16.729
  Required (ns):
  Setup (ns):                  0.757
  External Setup (ns):         11.484

Path 5
  From:                        SerialLoad
  To:                          firmware/parallelholdreg[0]:E
  Delay (ns):                  16.960
  Slack (ns):
  Arrival (ns):                16.960
  Required (ns):
  Setup (ns):                  0.534
  External Setup (ns):         11.425


Expanded Path 1
  From: SerialLoad
  To: firmware/parallelholdreg[2]:D
  data required time                             N/C
  data arrival time                          -   17.541
  slack                                          N/C
  ________________________________________________________
  Data arrival time calculation
  0.000                        SerialLoad (f)
               +     0.000          net: SerialLoad
  0.000                        SerialLoad_pad/U0/U0:PAD (f)
               +     1.075          cell: ADLIB:IOPAD_IN
  1.075                        SerialLoad_pad/U0/U0:Y (f)
               +     0.000          net: SerialLoad_pad/U0/NET1
  1.075                        SerialLoad_pad/U0/U1:YIN (f)
               +     0.184          cell: ADLIB:IOIN_IB
  1.259                        SerialLoad_pad/U0/U1:Y (f)
               +     2.787          net: SerialLoad_pad
  4.046                        SerialLoad_pad_RNIK82F:A (f)
               +     1.294          cell: ADLIB:CLKINT
  5.340                        SerialLoad_pad_RNIK82F:Y (f)
               +     0.708          net: SerialLoad_c
  6.048                        ioBank60reader/cellindex_1_sqmuxa_1_1:A (f)
               +     0.598          cell: ADLIB:NOR2
  6.646                        ioBank60reader/cellindex_1_sqmuxa_1_1:Y (r)
               +     3.886          net: ioBank60reader_cellindex_1_sqmuxa_1_1
  10.532                       firmware/un1_reset_0_o2_0:A (r)
               +     0.715          cell: ADLIB:OR2A
  11.247                       firmware/un1_reset_0_o2_0:Y (f)
               +     0.265          net: firmware/un1_reset_0_o2_0
  11.512                       firmware/un1_reset_0_o2_3:A (f)
               +     0.676          cell: ADLIB:OR3
  12.188                       firmware/un1_reset_0_o2_3:Y (f)
               +     2.160          net: firmware/un1_reset_0_o2_3
  14.348                       firmware/parallelholdreg_13_i_a2_i_o2[3]:B (f)
               +     1.079          cell: ADLIB:OR3A
  15.427                       firmware/parallelholdreg_13_i_a2_i_o2[3]:Y (f)
               +     0.280          net: firmware/N_44
  15.707                       firmware/parallelholdreg_RNO[2]:A (f)
               +     0.699          cell: ADLIB:OR2
  16.406                       firmware/parallelholdreg_RNO[2]:Y (f)
               +     1.135          net: firmware/parallelholdreg_13[2]
  17.541                       firmware/parallelholdreg[2]:D (f)
                                    
  17.541                       data arrival time
  ________________________________________________________
  Data required time calculation
  N/C                          clock_master/counter[0]:Q
               +     0.000          Clock source
  N/C                          clock_master/counter[0]:Q (r)
               +     2.759          Clock generation
  N/C
               +     1.368          net: clock_master/counter_i[0]
  N/C                          clock_master/counter_RNID9O8[0]:A (r)
               +     1.197          cell: ADLIB:CLKINT
  N/C                          clock_master/counter_RNID9O8[0]:Y (r)
               +     0.678          net: Clock01
  N/C                          firmware/parallelholdreg[2]:CLK (r)
               -     0.757          Library setup time: ADLIB:DFN1E1
  N/C                          firmware/parallelholdreg[2]:D


END SET External Setup

----------------------------------------------------

SET Clock to Output

Path 1
  From:                        pwmdisable01latch/output[7]:CLK
  To:                          EncLgtControl
  Delay (ns):                  10.840
  Slack (ns):
  Arrival (ns):                16.918
  Required (ns):
  Clock to Out (ns):           16.918

Path 2
  From:                        ioBank68reader/dataout:CLK
  To:                          SerialOut
  Delay (ns):                  10.192
  Slack (ns):
  Arrival (ns):                16.194
  Required (ns):
  Clock to Out (ns):           16.194

Path 3
  From:                        pwmdisable01latch/output[5]:CLK
  To:                          AN2DimControl
  Delay (ns):                  9.870
  Slack (ns):
  Arrival (ns):                15.986
  Required (ns):
  Clock to Out (ns):           15.986

Path 4
  From:                        ioBank67reader/dataout:CLK
  To:                          SerialOut
  Delay (ns):                  9.848
  Slack (ns):
  Arrival (ns):                15.850
  Required (ns):
  Clock to Out (ns):           15.850

Path 5
  From:                        bitcontrol01latch/output[5]:CLK
  To:                          AN2DimControl
  Delay (ns):                  9.771
  Slack (ns):
  Arrival (ns):                15.840
  Required (ns):
  Clock to Out (ns):           15.840


Expanded Path 1
  From: pwmdisable01latch/output[7]:CLK
  To: EncLgtControl
  data required time                             N/C
  data arrival time                          -   16.918
  slack                                          N/C
  ________________________________________________________
  Data arrival time calculation
  0.000                        clock_master/counter[0]:Q
               +     0.000          Clock source
  0.000                        clock_master/counter[0]:Q (r)
               +     2.759          Clock generation
  2.759
               +     1.368          net: clock_master/counter_i[0]
  4.127                        clock_master/counter_RNID9O8[0]:A (r)
               +     1.197          cell: ADLIB:CLKINT
  5.324                        clock_master/counter_RNID9O8[0]:Y (r)
               +     0.754          net: Clock01
  6.078                        pwmdisable01latch/output[7]:CLK (r)
               +     0.663          cell: ADLIB:DFN1
  6.741                        pwmdisable01latch/output[7]:Q (r)
               +     1.891          net: pwmdisable01latch/pwmdisable01[7]
  8.632                        pwmdisable01latch/output_RNID03R[7]:B (r)
               +     1.494          cell: ADLIB:OA1
  10.126                       pwmdisable01latch/output_RNID03R[7]:Y (r)
               +     2.492          net: EncLgtControl_c
  12.618                       EncLgtControl_pad/U0/U1:D (r)
               +     0.885          cell: ADLIB:IOTRI_OB_EB
  13.503                       EncLgtControl_pad/U0/U1:DOUT (r)
               +     0.000          net: EncLgtControl_pad/U0/NET1
  13.503                       EncLgtControl_pad/U0/U0:D (r)
               +     3.415          cell: ADLIB:IOPAD_TRI
  16.918                       EncLgtControl_pad/U0/U0:PAD (r)
               +     0.000          net: EncLgtControl
  16.918                       EncLgtControl (r)
                                    
  16.918                       data arrival time
  ________________________________________________________
  Data required time calculation
  N/C                          clock_master/counter[0]:Q
               +     0.000          Clock source
  N/C                          clock_master/counter[0]:Q (r)
               +     2.759          Clock generation
  N/C
                                    
  N/C                          EncLgtControl (r)


END SET Clock to Output

----------------------------------------------------

SET Register to Asynchronous

No Path

END SET Register to Asynchronous

----------------------------------------------------

SET External Recovery

No Path

END SET External Recovery

----------------------------------------------------

SET Asynchronous to Register

No Path

END SET Asynchronous to Register

----------------------------------------------------

Clock Domain clock_master/counter[1]:Q

SET Register to Register

Path 1
  From:                        Watch_Dog_Reset/timercount[5]:CLK
  To:                          Watch_Dog_Reset/timerexpired:D
  Delay (ns):                  9.124
  Slack (ns):                  9.232
  Arrival (ns):                15.803
  Required (ns):               25.035
  Setup (ns):                  0.784
  Minimum Period (ns):         10.768

Path 2
  From:                        Watch_Dog_Reset/timercount[5]:CLK
  To:                          Watch_Dog_Reset/timercount[3]:E
  Delay (ns):                  10.132
  Slack (ns):                  9.289
  Arrival (ns):                16.811
  Required (ns):               26.100
  Setup (ns):                  0.649
  Minimum Period (ns):         10.711

Path 3
  From:                        Watch_Dog_Reset/timercount[5]:CLK
  To:                          Watch_Dog_Reset/timercount[9]:E
  Delay (ns):                  9.639
  Slack (ns):                  9.557
  Arrival (ns):                16.318
  Required (ns):               25.875
  Setup (ns):                  0.649
  Minimum Period (ns):         10.443

Path 4
  From:                        Watch_Dog_Reset/timercount[5]:CLK
  To:                          Watch_Dog_Reset/timercount[2]:E
  Delay (ns):                  9.325
  Slack (ns):                  9.873
  Arrival (ns):                16.004
  Required (ns):               25.877
  Setup (ns):                  0.649
  Minimum Period (ns):         10.127

Path 5
  From:                        Watch_Dog_Reset/timercount[5]:CLK
  To:                          Watch_Dog_Reset/timercount[5]:E
  Delay (ns):                  9.442
  Slack (ns):                  9.909
  Arrival (ns):                16.121
  Required (ns):               26.030
  Setup (ns):                  0.649
  Minimum Period (ns):         10.091


Expanded Path 1
  From: Watch_Dog_Reset/timercount[5]:CLK
  To: Watch_Dog_Reset/timerexpired:D
  data required time                             25.035
  data arrival time                          -   15.803
  slack                                          9.232
  ________________________________________________________
  Data arrival time calculation
  0.000                        clock_master/counter[1]:Q
               +     0.000          Clock source
  0.000                        clock_master/counter[1]:Q (r)
               +     2.804          Clock generation
  2.804
               +     3.875          net: counter[1]
  6.679                        Watch_Dog_Reset/timercount[5]:CLK (r)
               +     0.797          cell: ADLIB:DFN1E0
  7.476                        Watch_Dog_Reset/timercount[5]:Q (f)
               +     1.599          net: Watch_Dog_Reset/timercount[5]
  9.075                        Watch_Dog_Reset/timercount_RNICL2S[3]:A (f)
               +     1.038          cell: ADLIB:NOR2
  10.113                       Watch_Dog_Reset/timercount_RNICL2S[3]:Y (r)
               +     0.276          net: Watch_Dog_Reset/m40_e_3
  10.389                       Watch_Dog_Reset/timercount_RNITF5O1[6]:A (r)
               +     0.948          cell: ADLIB:NOR3A
  11.337                       Watch_Dog_Reset/timercount_RNITF5O1[6]:Y (r)
               +     0.257          net: Watch_Dog_Reset/m40_e_6
  11.594                       Watch_Dog_Reset/timercount_RNIIOJD4[1]:C (r)
               +     0.946          cell: ADLIB:NOR3C
  12.540                       Watch_Dog_Reset/timercount_RNIIOJD4[1]:Y (r)
               +     0.244          net: Watch_Dog_Reset/N_63
  12.784                       Watch_Dog_Reset/timercount_RNI7ESA5[10]:S (r)
               +     0.500          cell: ADLIB:MX2C
  13.284                       Watch_Dog_Reset/timercount_RNI7ESA5[10]:Y (f)
               +     0.244          net: Watch_Dog_Reset/N_51_mux
  13.528                       Watch_Dog_Reset/timercount_RNIL7AM5[10]:A (f)
               +     0.699          cell: ADLIB:NOR2
  14.227                       Watch_Dog_Reset/timercount_RNIL7AM5[10]:Y (r)
               +     1.576          net: Watch_Dog_Reset/timercount_0_sqmuxa
  15.803                       Watch_Dog_Reset/timerexpired:D (r)
                                    
  15.803                       data arrival time
  ________________________________________________________
  Data required time calculation
  20.000                       clock_master/counter[1]:Q
               +     0.000          Clock source
  20.000                       clock_master/counter[1]:Q (r)
               +     2.804          Clock generation
  22.804
               +     3.015          net: counter[1]
  25.819                       Watch_Dog_Reset/timerexpired:CLK (r)
               -     0.784          Library setup time: ADLIB:DFN1
  25.035                       Watch_Dog_Reset/timerexpired:D
                                    
  25.035                       data required time


END SET Register to Register

----------------------------------------------------

SET External Setup

Path 1
  From:                        ResetIn
  To:                          Watch_Dog_Reset/timercount[2]:D
  Delay (ns):                  9.363
  Slack (ns):
  Arrival (ns):                9.363
  Required (ns):
  Setup (ns):                  0.784
  External Setup (ns):         3.621

Path 2
  From:                        ResetIn
  To:                          Watch_Dog_Reset/timercount[6]:D
  Delay (ns):                  8.656
  Slack (ns):
  Arrival (ns):                8.656
  Required (ns):
  Setup (ns):                  0.784
  External Setup (ns):         2.914

Path 3
  From:                        ResetIn
  To:                          Watch_Dog_Reset/timercount[9]:D
  Delay (ns):                  8.597
  Slack (ns):
  Arrival (ns):                8.597
  Required (ns):
  Setup (ns):                  0.784
  External Setup (ns):         2.857

Path 4
  From:                        ResetIn
  To:                          Watch_Dog_Reset/timercount[5]:D
  Delay (ns):                  8.656
  Slack (ns):
  Arrival (ns):                8.656
  Required (ns):
  Setup (ns):                  0.784
  External Setup (ns):         2.761

Path 5
  From:                        ResetIn
  To:                          Watch_Dog_Reset/timercount[8]:D
  Delay (ns):                  7.967
  Slack (ns):
  Arrival (ns):                7.967
  Required (ns):
  Setup (ns):                  0.784
  External Setup (ns):         2.227


Expanded Path 1
  From: ResetIn
  To: Watch_Dog_Reset/timercount[2]:D
  data required time                             N/C
  data arrival time                          -   9.363
  slack                                          N/C
  ________________________________________________________
  Data arrival time calculation
  0.000                        ResetIn (f)
               +     0.000          net: ResetIn
  0.000                        ResetIn_pad/U0/U0:PAD (f)
               +     0.578          cell: ADLIB:IOPAD_IN
  0.578                        ResetIn_pad/U0/U0:Y (f)
               +     0.000          net: ResetIn_pad/U0/NET1
  0.578                        ResetIn_pad/U0/U1:YIN (f)
               +     0.184          cell: ADLIB:IOIN_IB
  0.762                        ResetIn_pad/U0/U1:Y (f)
               +     7.434          net: ResetIn_c
  8.196                        Watch_Dog_Reset/timercount_RNO[2]:C (f)
               +     0.892          cell: ADLIB:XA1B
  9.088                        Watch_Dog_Reset/timercount_RNO[2]:Y (r)
               +     0.275          net: Watch_Dog_Reset/timercount_n2
  9.363                        Watch_Dog_Reset/timercount[2]:D (r)
                                    
  9.363                        data arrival time
  ________________________________________________________
  Data required time calculation
  N/C                          clock_master/counter[1]:Q
               +     0.000          Clock source
  N/C                          clock_master/counter[1]:Q (r)
               +     2.804          Clock generation
  N/C
               +     3.722          net: counter[1]
  N/C                          Watch_Dog_Reset/timercount[2]:CLK (r)
               -     0.784          Library setup time: ADLIB:DFN1E0
  N/C                          Watch_Dog_Reset/timercount[2]:D


END SET External Setup

----------------------------------------------------

SET Clock to Output

Path 1
  From:                        Watch_Dog_Reset/timerexpired:CLK
  To:                          uCReset
  Delay (ns):                  7.837
  Slack (ns):
  Arrival (ns):                13.656
  Required (ns):
  Clock to Out (ns):           13.656


Expanded Path 1
  From: Watch_Dog_Reset/timerexpired:CLK
  To: uCReset
  data required time                             N/C
  data arrival time                          -   13.656
  slack                                          N/C
  ________________________________________________________
  Data arrival time calculation
  0.000                        clock_master/counter[1]:Q
               +     0.000          Clock source
  0.000                        clock_master/counter[1]:Q (r)
               +     2.804          Clock generation
  2.804
               +     3.015          net: counter[1]
  5.819                        Watch_Dog_Reset/timerexpired:CLK (r)
               +     0.797          cell: ADLIB:DFN1
  6.616                        Watch_Dog_Reset/timerexpired:Q (f)
               +     2.606          net: uCReset_c
  9.222                        uCReset_pad/U0/U1:D (f)
               +     0.916          cell: ADLIB:IOTRI_OB_EB
  10.138                       uCReset_pad/U0/U1:DOUT (f)
               +     0.000          net: uCReset_pad/U0/NET1
  10.138                       uCReset_pad/U0/U0:D (f)
               +     3.518          cell: ADLIB:IOPAD_TRI
  13.656                       uCReset_pad/U0/U0:PAD (f)
               +     0.000          net: uCReset
  13.656                       uCReset (f)
                                    
  13.656                       data arrival time
  ________________________________________________________
  Data required time calculation
  N/C                          clock_master/counter[1]:Q
               +     0.000          Clock source
  N/C                          clock_master/counter[1]:Q (r)
               +     2.804          Clock generation
  N/C
                                    
  N/C                          uCReset (f)


END SET Clock to Output

----------------------------------------------------

SET Register to Asynchronous

No Path

END SET Register to Asynchronous

----------------------------------------------------

SET External Recovery

No Path

END SET External Recovery

----------------------------------------------------

SET Asynchronous to Register

No Path

END SET Asynchronous to Register

----------------------------------------------------

Clock Domain clock_master/counter[2]:Q

SET Register to Register

Path 1
  From:                        iobank69debounce/DebounceTimer[1]:CLK
  To:                          iobank69debounce/DebounceTimer[8]:D
  Delay (ns):                  8.841
  Slack (ns):                  30.475
  Arrival (ns):                14.541
  Required (ns):               45.016
  Setup (ns):                  0.808
  Minimum Period (ns):         9.525

Path 2
  From:                        iobank69debounce/DebounceTimer[0]:CLK
  To:                          iobank69debounce/DebounceTimer[8]:D
  Delay (ns):                  8.675
  Slack (ns):                  30.513
  Arrival (ns):                14.503
  Required (ns):               45.016
  Setup (ns):                  0.808
  Minimum Period (ns):         9.487

Path 3
  From:                        iobank64debounce/DebounceTimer[1]:CLK
  To:                          iobank64debounce/DebounceTimer[8]:D
  Delay (ns):                  8.340
  Slack (ns):                  30.903
  Arrival (ns):                14.096
  Required (ns):               44.999
  Setup (ns):                  0.757
  Minimum Period (ns):         9.097

Path 4
  From:                        iobank64debounce/DebounceTimer[0]:CLK
  To:                          iobank64debounce/DebounceTimer[8]:D
  Delay (ns):                  8.108
  Slack (ns):                  31.084
  Arrival (ns):                13.864
  Required (ns):               44.948
  Setup (ns):                  0.808
  Minimum Period (ns):         8.916

Path 5
  From:                        matrix_read04/stage[3]:CLK
  To:                          matrix_read04/data01[0]:E
  Delay (ns):                  8.292
  Slack (ns):                  31.191
  Arrival (ns):                13.976
  Required (ns):               45.167
  Setup (ns):                  0.534
  Minimum Period (ns):         8.809


Expanded Path 1
  From: iobank69debounce/DebounceTimer[1]:CLK
  To: iobank69debounce/DebounceTimer[8]:D
  data required time                             45.016
  data arrival time                          -   14.541
  slack                                          30.475
  ________________________________________________________
  Data arrival time calculation
  0.000                        clock_master/counter[2]:Q
               +     0.000          Clock source
  0.000                        clock_master/counter[2]:Q (r)
               +     2.759          Clock generation
  2.759
               +     1.093          net: clock_master/counter_i[2]
  3.852                        clock_master/counter_RNIFBO8[2]:A (r)
               +     1.197          cell: ADLIB:CLKINT
  5.049                        clock_master/counter_RNIFBO8[2]:Y (r)
               +     0.651          net: Clock03
  5.700                        iobank69debounce/DebounceTimer[1]:CLK (r)
               +     0.663          cell: ADLIB:DFN1E1
  6.363                        iobank69debounce/DebounceTimer[1]:Q (r)
               +     0.308          net: iobank69debounce/DebounceTimer[1]
  6.671                        iobank69debounce/DebounceTimer_RNI9FFS[1]:B (r)
               +     0.752          cell: ADLIB:NOR2B
  7.423                        iobank69debounce/DebounceTimer_RNI9FFS[1]:Y (r)
               +     1.222          net: iobank69debounce/DebounceTimer_c1
  8.645                        iobank69debounce/DebounceTimer_RNIM2VO1[3]:C (r)
               +     1.228          cell: ADLIB:NOR3C
  9.873                        iobank69debounce/DebounceTimer_RNIM2VO1[3]:Y (r)
               +     0.285          net: iobank69debounce/DebounceTimer_c3
  10.158                       iobank69debounce/DebounceTimer_RNIHNM33[6]:C (r)
               +     0.951          cell: ADLIB:NOR3C
  11.109                       iobank69debounce/DebounceTimer_RNIHNM33[6]:Y (r)
               +     1.352          net: iobank69debounce/DebounceTimer_c6
  12.461                       iobank69debounce/DebounceTimer_RNO_0[8]:C (r)
               +     0.955          cell: ADLIB:NOR3C
  13.416                       iobank69debounce/DebounceTimer_RNO_0[8]:Y (r)
               +     0.257          net: iobank69debounce/N_48
  13.673                       iobank69debounce/DebounceTimer_RNO[8]:B (r)
               +     0.643          cell: ADLIB:MX2A
  14.316                       iobank69debounce/DebounceTimer_RNO[8]:Y (r)
               +     0.225          net: iobank69debounce/DebounceTimer_RNO_6[8]
  14.541                       iobank69debounce/DebounceTimer[8]:D (r)
                                    
  14.541                       data arrival time
  ________________________________________________________
  Data required time calculation
  40.000                       clock_master/counter[2]:Q
               +     0.000          Clock source
  40.000                       clock_master/counter[2]:Q (r)
               +     2.759          Clock generation
  42.759
               +     1.093          net: clock_master/counter_i[2]
  43.852                       clock_master/counter_RNIFBO8[2]:A (r)
               +     1.197          cell: ADLIB:CLKINT
  45.049                       clock_master/counter_RNIFBO8[2]:Y (r)
               +     0.775          net: Clock03
  45.824                       iobank69debounce/DebounceTimer[8]:CLK (r)
               -     0.808          Library setup time: ADLIB:DFN1
  45.016                       iobank69debounce/DebounceTimer[8]:D
                                    
  45.016                       data required time


END SET Register to Register

----------------------------------------------------

SET External Setup

Path 1
  From:                        LogicReset
  To:                          iobank67debounce/DebounceTimer[8]:D
  Delay (ns):                  10.449
  Slack (ns):
  Arrival (ns):                10.449
  Required (ns):
  Setup (ns):                  0.808
  External Setup (ns):         5.603

Path 2
  From:                        LogicReset
  To:                          iobank6Bdebounce/DebounceTimer[0]:E
  Delay (ns):                  10.307
  Slack (ns):
  Arrival (ns):                10.307
  Required (ns):
  Setup (ns):                  0.534
  External Setup (ns):         5.047

Path 3
  From:                        LogicReset
  To:                          iobank64debounce/DebounceTimer[8]:D
  Delay (ns):                  9.807
  Slack (ns):
  Arrival (ns):                9.807
  Required (ns):
  Setup (ns):                  0.808
  External Setup (ns):         4.859

Path 4
  From:                        LogicReset
  To:                          iobank61debounce/DebounceTimer[1]:E
  Delay (ns):                  10.045
  Slack (ns):
  Arrival (ns):                10.045
  Required (ns):
  Setup (ns):                  0.534
  External Setup (ns):         4.823

Path 5
  From:                        LogicReset
  To:                          iobank63debounce/DebounceTimer[3]:E
  Delay (ns):                  9.840
  Slack (ns):
  Arrival (ns):                9.840
  Required (ns):
  Setup (ns):                  0.725
  External Setup (ns):         4.792


Expanded Path 1
  From: LogicReset
  To: iobank67debounce/DebounceTimer[8]:D
  data required time                             N/C
  data arrival time                          -   10.449
  slack                                          N/C
  ________________________________________________________
  Data arrival time calculation
  0.000                        LogicReset (f)
               +     0.000          net: LogicReset
  0.000                        LogicReset_pad/U0/U0:PAD (f)
               +     0.578          cell: ADLIB:IOPAD_IN
  0.578                        LogicReset_pad/U0/U0:Y (f)
               +     0.000          net: LogicReset_pad/U0/NET1
  0.578                        LogicReset_pad/U0/U1:YIN (f)
               +     0.184          cell: ADLIB:IOIN_IB
  0.762                        LogicReset_pad/U0/U1:Y (f)
               +     2.677          net: LogicReset_pad
  3.439                        LogicReset_pad_RNI5AOB:A (f)
               +     1.294          cell: ADLIB:CLKINT
  4.733                        LogicReset_pad_RNI5AOB:Y (f)
               +     0.730          net: LogicReset_c
  5.463                        iobank67debounce/Changing_RNIOLPI:B (f)
               +     0.791          cell: ADLIB:NOR2
  6.254                        iobank67debounce/Changing_RNIOLPI:Y (r)
               +     0.682          net: iobank67debounce/un1_previousposition7
  6.936                        iobank67debounce/DebounceTimer_RNI238M_0[8]:B (r)
               +     0.685          cell: ADLIB:OR2B
  7.621                        iobank67debounce/DebounceTimer_RNI238M_0[8]:Y (f)
               +     1.096          net: iobank67debounce/DebounceTimere
  8.717                        iobank67debounce/DebounceTimer_RNO[8]:S (f)
               +     0.920          cell: ADLIB:MX2A
  9.637                        iobank67debounce/DebounceTimer_RNO[8]:Y (r)
               +     0.812          net: iobank67debounce/DebounceTimer_RNO_5[8]
  10.449                       iobank67debounce/DebounceTimer[8]:D (r)
                                    
  10.449                       data arrival time
  ________________________________________________________
  Data required time calculation
  N/C                          clock_master/counter[2]:Q
               +     0.000          Clock source
  N/C                          clock_master/counter[2]:Q (r)
               +     2.759          Clock generation
  N/C
               +     1.093          net: clock_master/counter_i[2]
  N/C                          clock_master/counter_RNIFBO8[2]:A (r)
               +     1.197          cell: ADLIB:CLKINT
  N/C                          clock_master/counter_RNIFBO8[2]:Y (r)
               +     0.605          net: Clock03
  N/C                          iobank67debounce/DebounceTimer[8]:CLK (r)
               -     0.808          Library setup time: ADLIB:DFN1
  N/C                          iobank67debounce/DebounceTimer[8]:D


END SET External Setup

----------------------------------------------------

SET Clock to Output

Path 1
  From:                        matrix_read04/ctrl[1]:CLK
  To:                          inputs67_ctrl[1]
  Delay (ns):                  7.421
  Slack (ns):
  Arrival (ns):                13.074
  Required (ns):
  Clock to Out (ns):           13.074

Path 2
  From:                        matrix_read04/ctrl[0]:CLK
  To:                          inputs67_ctrl[0]
  Delay (ns):                  7.091
  Slack (ns):
  Arrival (ns):                12.739
  Required (ns):
  Clock to Out (ns):           12.739

Path 3
  From:                        matrix_read04/ctrl[2]:CLK
  To:                          inputs67_ctrl[2]
  Delay (ns):                  6.402
  Slack (ns):
  Arrival (ns):                12.086
  Required (ns):
  Clock to Out (ns):           12.086

Path 4
  From:                        matrix_read04/ctrl[4]:CLK
  To:                          inputs67_ctrl[4]
  Delay (ns):                  6.351
  Slack (ns):
  Arrival (ns):                12.035
  Required (ns):
  Clock to Out (ns):           12.035

Path 5
  From:                        matrix_read03/ctrl[3]:CLK
  To:                          inputs62_ctrl[3]
  Delay (ns):                  5.872
  Slack (ns):
  Arrival (ns):                11.593
  Required (ns):
  Clock to Out (ns):           11.593


Expanded Path 1
  From: matrix_read04/ctrl[1]:CLK
  To: inputs67_ctrl[1]
  data required time                             N/C
  data arrival time                          -   13.074
  slack                                          N/C
  ________________________________________________________
  Data arrival time calculation
  0.000                        clock_master/counter[2]:Q
               +     0.000          Clock source
  0.000                        clock_master/counter[2]:Q (r)
               +     2.759          Clock generation
  2.759
               +     1.093          net: clock_master/counter_i[2]
  3.852                        clock_master/counter_RNIFBO8[2]:A (r)
               +     1.197          cell: ADLIB:CLKINT
  5.049                        clock_master/counter_RNIFBO8[2]:Y (r)
               +     0.604          net: Clock03
  5.653                        matrix_read04/ctrl[1]:CLK (r)
               +     0.886          cell: ADLIB:DFN1
  6.539                        matrix_read04/ctrl[1]:Q (f)
               +     3.464          net: inputs67_ctrl_c[1]
  10.003                       inputs67_ctrl_pad[1]/U0/U1:D (f)
               +     0.916          cell: ADLIB:IOTRI_OB_EB
  10.919                       inputs67_ctrl_pad[1]/U0/U1:DOUT (f)
               +     0.000          net: inputs67_ctrl_pad[1]/U0/NET1
  10.919                       inputs67_ctrl_pad[1]/U0/U0:D (f)
               +     2.155          cell: ADLIB:IOPAD_TRI
  13.074                       inputs67_ctrl_pad[1]/U0/U0:PAD (f)
               +     0.000          net: inputs67_ctrl[1]
  13.074                       inputs67_ctrl[1] (f)
                                    
  13.074                       data arrival time
  ________________________________________________________
  Data required time calculation
  N/C                          clock_master/counter[2]:Q
               +     0.000          Clock source
  N/C                          clock_master/counter[2]:Q (r)
               +     2.759          Clock generation
  N/C
                                    
  N/C                          inputs67_ctrl[1] (f)


END SET Clock to Output

----------------------------------------------------

SET Register to Asynchronous

No Path

END SET Register to Asynchronous

----------------------------------------------------

SET External Recovery

No Path

END SET External Recovery

----------------------------------------------------

SET Asynchronous to Register

No Path

END SET Asynchronous to Register

----------------------------------------------------

Clock Domain clock_master/counter[7]:Q

SET Register to Register

Path 1
  From:                        A2DRead/DataRegU1Ch0a[5]:CLK
  To:                          A2DRead/DataRegU1Ch0[14]:D
  Delay (ns):                  29.493
  Slack (ns):                  289.785
  Arrival (ns):                36.143
  Required (ns):               325.928
  Setup (ns):                  0.757
  Minimum Period (ns):         30.215

Path 2
  From:                        A2DRead/DataRegU1Ch1a[5]:CLK
  To:                          A2DRead/DataRegU1Ch1[15]:D
  Delay (ns):                  29.239
  Slack (ns):                  289.935
  Arrival (ns):                35.889
  Required (ns):               325.824
  Setup (ns):                  0.808
  Minimum Period (ns):         30.065

Path 3
  From:                        A2DRead/DataRegU1Ch0h[4]:CLK
  To:                          A2DRead/DataRegU1Ch0[14]:D
  Delay (ns):                  29.123
  Slack (ns):                  290.069
  Arrival (ns):                35.859
  Required (ns):               325.928
  Setup (ns):                  0.757
  Minimum Period (ns):         29.931

Path 4
  From:                        A2DRead/DataRegU1Ch1h[7]:CLK
  To:                          A2DRead/DataRegU1Ch1[15]:D
  Delay (ns):                  28.828
  Slack (ns):                  290.218
  Arrival (ns):                35.606
  Required (ns):               325.824
  Setup (ns):                  0.808
  Minimum Period (ns):         29.782

Path 5
  From:                        A2DRead/DataRegU1Ch1d[5]:CLK
  To:                          A2DRead/DataRegU1Ch1[15]:D
  Delay (ns):                  28.781
  Slack (ns):                  290.393
  Arrival (ns):                35.431
  Required (ns):               325.824
  Setup (ns):                  0.808
  Minimum Period (ns):         29.607


Expanded Path 1
  From: A2DRead/DataRegU1Ch0a[5]:CLK
  To: A2DRead/DataRegU1Ch0[14]:D
  data required time                             325.928
  data arrival time                          -   36.143
  slack                                          289.785
  ________________________________________________________
  Data arrival time calculation
  0.000                        clock_master/counter[7]:Q
               +     0.000          Clock source
  0.000                        clock_master/counter[7]:Q (r)
               +     3.509          Clock generation
  3.509
               +     1.122          net: clock_master/counter_i[7]
  4.631                        clock_master/counter_RNIKGO8[7]:A (r)
               +     1.197          cell: ADLIB:CLKINT
  5.828                        clock_master/counter_RNIKGO8[7]:Y (r)
               +     0.822          net: Clock04
  6.650                        A2DRead/DataRegU1Ch0a[5]:CLK (r)
               +     0.663          cell: ADLIB:DFN1E1
  7.313                        A2DRead/DataRegU1Ch0a[5]:Q (r)
               +     1.999          net: A2DRead/DataRegU1Ch0a[5]
  9.312                        A2DRead/DataRegU1Ch0p_RNI8C081_0[5]:B (r)
               +     1.454          cell: ADLIB:MAJ3
  10.766                       A2DRead/DataRegU1Ch0p_RNI8C081_0[5]:Y (r)
               +     1.155          net: A2DRead/N_1797
  11.921                       A2DRead/DataRegU1Ch0f_RNINSKQ1_1[6]:B (r)
               +     1.561          cell: ADLIB:MAJ3
  13.482                       A2DRead/DataRegU1Ch0f_RNINSKQ1_1[6]:Y (r)
               +     0.349          net: A2DRead/N_1833
  13.831                       A2DRead/un60_dataregu1ch0_404:C (r)
               +     0.821          cell: ADLIB:XOR3
  14.652                       A2DRead/un60_dataregu1ch0_404:Y (r)
               +     0.453          net: A2DRead/N_1866
  15.105                       A2DRead/un60_dataregu1ch0_423_0_tz_s:C (r)
               +     0.957          cell: ADLIB:AO1
  16.062                       A2DRead/un60_dataregu1ch0_423_0_tz_s:Y (r)
               +     0.257          net: A2DRead/un60_dataregu1ch0_423_0_tz_out
  16.319                       A2DRead/un60_dataregu1ch0_423_RNO:B (r)
               +     1.220          cell: ADLIB:OA1
  17.539                       A2DRead/un60_dataregu1ch0_423_RNO:Y (r)
               +     0.257          net: A2DRead/un60_dataregu1ch0_423_0
  17.796                       A2DRead/un60_dataregu1ch0_423:C (r)
               +     0.924          cell: ADLIB:AO1
  18.720                       A2DRead/un60_dataregu1ch0_423:Y (r)
               +     1.260          net: A2DRead/N_1873
  19.980                       A2DRead/un60_dataregu1ch0_423_RNI87FVJ:B (r)
               +     1.346          cell: ADLIB:MAJ3
  21.326                       A2DRead/un60_dataregu1ch0_423_RNI87FVJ:Y (r)
               +     1.003          net: A2DRead/N_1903
  22.329                       A2DRead/un60_dataregu1ch0_423_RNIFE3792:C (r)
               +     1.284          cell: ADLIB:XOR3
  23.613                       A2DRead/un60_dataregu1ch0_423_RNIFE3792:Y (f)
               +     1.466          net: A2DRead/N_1932
  25.079                       A2DRead/un60_dataregu1ch0_824_ADD_11x11_fast_I4_P0N:A (f)
               +     0.835          cell: ADLIB:OR3
  25.914                       A2DRead/un60_dataregu1ch0_824_ADD_11x11_fast_I4_P0N:Y (f)
               +     1.103          net: A2DRead/N166
  27.017                       A2DRead/un60_dataregu1ch0_824_ADD_11x11_fast_I24_Y:B (f)
               +     1.026          cell: ADLIB:NOR2B
  28.043                       A2DRead/un60_dataregu1ch0_824_ADD_11x11_fast_I24_Y:Y (f)
               +     0.608          net: A2DRead/N201
  28.651                       A2DRead/un60_dataregu1ch0_824_ADD_11x11_fast_I45_Y:B (f)
               +     0.832          cell: ADLIB:AO1
  29.483                       A2DRead/un60_dataregu1ch0_824_ADD_11x11_fast_I45_Y:Y (f)
               +     1.364          net: A2DRead/N225
  30.847                       A2DRead/un60_dataregu1ch0_824_ADD_11x11_fast_I57_un1_Y:B (f)
               +     0.798          cell: ADLIB:NOR2B
  31.645                       A2DRead/un60_dataregu1ch0_824_ADD_11x11_fast_I57_un1_Y:Y (f)
               +     0.257          net: A2DRead/I57_un1_Y
  31.902                       A2DRead/un60_dataregu1ch0_824_ADD_11x11_fast_I71_Y:C (f)
               +     0.939          cell: ADLIB:OR3
  32.841                       A2DRead/un60_dataregu1ch0_824_ADD_11x11_fast_I71_Y:Y (f)
               +     0.257          net: A2DRead/N271
  33.098                       A2DRead/un60_dataregu1ch0_824_ADD_11x11_fast_I90_Y:C (f)
               +     1.119          cell: ADLIB:XOR3
  34.217                       A2DRead/un60_dataregu1ch0_824_ADD_11x11_fast_I90_Y:Y (r)
               +     1.926          net: A2DRead/un60_dataregu1ch0[13]
  36.143                       A2DRead/DataRegU1Ch0[14]:D (r)
                                    
  36.143                       data arrival time
  ________________________________________________________
  Data required time calculation
  320.000                      clock_master/counter[7]:Q
               +     0.000          Clock source
  320.000                      clock_master/counter[7]:Q (r)
               +     3.509          Clock generation
  323.509
               +     1.122          net: clock_master/counter_i[7]
  324.631                      clock_master/counter_RNIKGO8[7]:A (r)
               +     1.197          cell: ADLIB:CLKINT
  325.828                      clock_master/counter_RNIKGO8[7]:Y (r)
               +     0.857          net: Clock04
  326.685                      A2DRead/DataRegU1Ch0[14]:CLK (r)
               -     0.757          Library setup time: ADLIB:DFN1E1
  325.928                      A2DRead/DataRegU1Ch0[14]:D
                                    
  325.928                      data required time


END SET Register to Register

----------------------------------------------------

SET External Setup

Path 1
  From:                        LogicReset
  To:                          heart_beat/counter[18]:D
  Delay (ns):                  26.064
  Slack (ns):
  Arrival (ns):                26.064
  Required (ns):
  Setup (ns):                  0.757
  External Setup (ns):         20.299

Path 2
  From:                        LogicReset
  To:                          heart_beat/counter[17]:D
  Delay (ns):                  25.673
  Slack (ns):
  Arrival (ns):                25.673
  Required (ns):
  Setup (ns):                  0.757
  External Setup (ns):         19.908

Path 3
  From:                        LogicReset
  To:                          heart_beat/counter[16]:D
  Delay (ns):                  24.381
  Slack (ns):
  Arrival (ns):                24.381
  Required (ns):
  Setup (ns):                  0.808
  External Setup (ns):         18.667

Path 4
  From:                        LogicReset
  To:                          heart_beat/counter[15]:D
  Delay (ns):                  23.955
  Slack (ns):
  Arrival (ns):                23.955
  Required (ns):
  Setup (ns):                  0.808
  External Setup (ns):         18.241

Path 5
  From:                        LogicReset
  To:                          heart_beat/counter[14]:D
  Delay (ns):                  23.485
  Slack (ns):
  Arrival (ns):                23.485
  Required (ns):
  Setup (ns):                  0.808
  External Setup (ns):         17.771


Expanded Path 1
  From: LogicReset
  To: heart_beat/counter[18]:D
  data required time                             N/C
  data arrival time                          -   26.064
  slack                                          N/C
  ________________________________________________________
  Data arrival time calculation
  0.000                        LogicReset (f)
               +     0.000          net: LogicReset
  0.000                        LogicReset_pad/U0/U0:PAD (f)
               +     0.578          cell: ADLIB:IOPAD_IN
  0.578                        LogicReset_pad/U0/U0:Y (f)
               +     0.000          net: LogicReset_pad/U0/NET1
  0.578                        LogicReset_pad/U0/U1:YIN (f)
               +     0.184          cell: ADLIB:IOIN_IB
  0.762                        LogicReset_pad/U0/U1:Y (f)
               +     2.677          net: LogicReset_pad
  3.439                        LogicReset_pad_RNI5AOB:A (f)
               +     1.294          cell: ADLIB:CLKINT
  4.733                        LogicReset_pad_RNI5AOB:Y (f)
               +     0.714          net: LogicReset_c
  5.447                        A2DRead/m16:B (f)
               +     0.465          cell: ADLIB:NOR2A
  5.912                        A2DRead/m16:Y (r)
               +     2.731          net: A2DRead_AdClock_0_sqmuxa
  8.643                        heart_beat/un1_counter_1_m1:B (r)
               +     0.995          cell: ADLIB:NOR2B
  9.638                        heart_beat/un1_counter_1_m1:Y (r)
               +     0.300          net: heart_beat/N_2_i
  9.938                        heart_beat/un1_counter_1_m2:B (r)
               +     0.749          cell: ADLIB:NOR2B
  10.687                       heart_beat/un1_counter_1_m2:Y (r)
               +     0.300          net: heart_beat/N_3_i
  10.987                       heart_beat/un1_counter_1_m5:B (r)
               +     0.887          cell: ADLIB:MX2C
  11.874                       heart_beat/un1_counter_1_m5:Y (f)
               +     0.343          net: heart_beat/i3_mux
  12.217                       heart_beat/un1_counter_1_m8:B (f)
               +     1.344          cell: ADLIB:AO13
  13.561                       heart_beat/un1_counter_1_m8:Y (f)
               +     1.431          net: heart_beat/i5_mux
  14.992                       heart_beat/un1_counter_1_m10:C (f)
               +     0.838          cell: ADLIB:NOR3B
  15.830                       heart_beat/un1_counter_1_m10:Y (r)
               +     1.088          net: heart_beat/N_11_i
  16.918                       heart_beat/un1_counter_1_m12:B (r)
               +     0.902          cell: ADLIB:NOR3C
  17.820                       heart_beat/un1_counter_1_m12:Y (r)
               +     0.295          net: heart_beat/N_13_i
  18.115                       heart_beat/un1_counter_1_m14:B (r)
               +     0.839          cell: ADLIB:NOR3C
  18.954                       heart_beat/un1_counter_1_m14:Y (r)
               +     0.428          net: heart_beat/N_15_i
  19.382                       heart_beat/un1_counter_1_m16:B (r)
               +     0.872          cell: ADLIB:NOR3C
  20.254                       heart_beat/un1_counter_1_m16:Y (r)
               +     0.437          net: heart_beat/N_17_i
  20.691                       heart_beat/un1_counter_1_m18:B (r)
               +     0.874          cell: ADLIB:NOR3C
  21.565                       heart_beat/un1_counter_1_m18:Y (r)
               +     0.265          net: heart_beat/N_19_i
  21.830                       heart_beat/un1_counter_1_m20:B (r)
               +     0.832          cell: ADLIB:NOR3C
  22.662                       heart_beat/un1_counter_1_m20:Y (r)
               +     0.344          net: heart_beat/N_21_i
  23.006                       heart_beat/un1_counter_1_m21:A (r)
               +     0.619          cell: ADLIB:NOR2B
  23.625                       heart_beat/un1_counter_1_m21:Y (r)
               +     1.022          net: heart_beat/N_22_i
  24.647                       heart_beat/un1_counter_1_ADD_19x19_fast_I121_Y:B (r)
               +     1.165          cell: ADLIB:AX1C
  25.812                       heart_beat/un1_counter_1_ADD_19x19_fast_I121_Y:Y (r)
               +     0.252          net: heart_beat/ADD_19x19_fast_I121_Y
  26.064                       heart_beat/counter[18]:D (r)
                                    
  26.064                       data arrival time
  ________________________________________________________
  Data required time calculation
  N/C                          clock_master/counter[7]:Q
               +     0.000          Clock source
  N/C                          clock_master/counter[7]:Q (r)
               +     3.509          Clock generation
  N/C
               +     1.122          net: clock_master/counter_i[7]
  N/C                          clock_master/counter_RNIKGO8[7]:A (r)
               +     1.197          cell: ADLIB:CLKINT
  N/C                          clock_master/counter_RNIKGO8[7]:Y (r)
               +     0.694          net: Clock04
  N/C                          heart_beat/counter[18]:CLK (r)
               -     0.757          Library setup time: ADLIB:DFN1
  N/C                          heart_beat/counter[18]:D


END SET External Setup

----------------------------------------------------

SET Clock to Output

Path 1
  From:                        snkpout01/PWMOut:CLK
  To:                          AN2DimControl
  Delay (ns):                  12.404
  Slack (ns):
  Arrival (ns):                18.926
  Required (ns):
  Clock to Out (ns):           18.926

Path 2
  From:                        snkpout01/PWMOut:CLK
  To:                          EncLgtControl
  Delay (ns):                  11.408
  Slack (ns):
  Arrival (ns):                17.930
  Required (ns):
  Clock to Out (ns):           17.930

Path 3
  From:                        snkpout01/PWMOut:CLK
  To:                          AN5NRMControl
  Delay (ns):                  11.066
  Slack (ns):
  Arrival (ns):                17.588
  Required (ns):
  Clock to Out (ns):           17.588

Path 4
  From:                        snkpout01/PWMOut:CLK
  To:                          AN6NRMControl
  Delay (ns):                  10.542
  Slack (ns):
  Arrival (ns):                17.064
  Required (ns):
  Clock to Out (ns):           17.064

Path 5
  From:                        snkpout01/PWMOut:CLK
  To:                          AN6PTTControl
  Delay (ns):                  10.251
  Slack (ns):
  Arrival (ns):                16.773
  Required (ns):
  Clock to Out (ns):           16.773


Expanded Path 1
  From: snkpout01/PWMOut:CLK
  To: AN2DimControl
  data required time                             N/C
  data arrival time                          -   18.926
  slack                                          N/C
  ________________________________________________________
  Data arrival time calculation
  0.000                        clock_master/counter[7]:Q
               +     0.000          Clock source
  0.000                        clock_master/counter[7]:Q (r)
               +     3.509          Clock generation
  3.509
               +     1.122          net: clock_master/counter_i[7]
  4.631                        clock_master/counter_RNIKGO8[7]:A (r)
               +     1.197          cell: ADLIB:CLKINT
  5.828                        clock_master/counter_RNIKGO8[7]:Y (r)
               +     0.694          net: Clock04
  6.522                        snkpout01/PWMOut:CLK (r)
               +     0.663          cell: ADLIB:DFN1
  7.185                        snkpout01/PWMOut:Q (r)
               +     4.012          net: PnlLgtControl_c
  11.197                       bitcontrol01latch/output_RNI9S2R[5]:A (r)
               +     1.280          cell: ADLIB:OA1
  12.477                       bitcontrol01latch/output_RNI9S2R[5]:Y (r)
               +     2.149          net: AN2DimControl_c
  14.626                       AN2DimControl_pad/U0/U1:D (r)
               +     0.885          cell: ADLIB:IOTRI_OB_EB
  15.511                       AN2DimControl_pad/U0/U1:DOUT (r)
               +     0.000          net: AN2DimControl_pad/U0/NET1
  15.511                       AN2DimControl_pad/U0/U0:D (r)
               +     3.415          cell: ADLIB:IOPAD_TRI
  18.926                       AN2DimControl_pad/U0/U0:PAD (r)
               +     0.000          net: AN2DimControl
  18.926                       AN2DimControl (r)
                                    
  18.926                       data arrival time
  ________________________________________________________
  Data required time calculation
  N/C                          clock_master/counter[7]:Q
               +     0.000          Clock source
  N/C                          clock_master/counter[7]:Q (r)
               +     3.509          Clock generation
  N/C
                                    
  N/C                          AN2DimControl (r)


END SET Clock to Output

----------------------------------------------------

SET Register to Asynchronous

No Path

END SET Register to Asynchronous

----------------------------------------------------

SET External Recovery

No Path

END SET External Recovery

----------------------------------------------------

SET Asynchronous to Register

No Path

END SET Asynchronous to Register

----------------------------------------------------

Path set Pin to Pin

SET Input to Output

No Path

END SET Input to Output

----------------------------------------------------

Path set User Sets

